Archive member included to satisfy reference by file (symbol)

c:/st/stm32cubeide_1.8.0/stm32cubeide/plugins/com.st.stm32cube.ide.mcu.externaltools.gnu-tools-for-stm32.9-2020-q2-update.win32_2.0.0.202105311346/tools/bin/../lib/gcc/arm-none-eabi/9.3.1/../../../../arm-none-eabi/lib/thumb/v7e-m+fp/hard\libc_nano.a(lib_a-errno.o)
                              ./Core/Src/syscalls.o (__errno)
c:/st/stm32cubeide_1.8.0/stm32cubeide/plugins/com.st.stm32cube.ide.mcu.externaltools.gnu-tools-for-stm32.9-2020-q2-update.win32_2.0.0.202105311346/tools/bin/../lib/gcc/arm-none-eabi/9.3.1/../../../../arm-none-eabi/lib/thumb/v7e-m+fp/hard\libc_nano.a(lib_a-exit.o)
                              c:/st/stm32cubeide_1.8.0/stm32cubeide/plugins/com.st.stm32cube.ide.mcu.externaltools.gnu-tools-for-stm32.9-2020-q2-update.win32_2.0.0.202105311346/tools/bin/../lib/gcc/arm-none-eabi/9.3.1/../../../../arm-none-eabi/lib/thumb/v7e-m+fp/hard/crt0.o (exit)
c:/st/stm32cubeide_1.8.0/stm32cubeide/plugins/com.st.stm32cube.ide.mcu.externaltools.gnu-tools-for-stm32.9-2020-q2-update.win32_2.0.0.202105311346/tools/bin/../lib/gcc/arm-none-eabi/9.3.1/../../../../arm-none-eabi/lib/thumb/v7e-m+fp/hard\libc_nano.a(lib_a-impure.o)
                              c:/st/stm32cubeide_1.8.0/stm32cubeide/plugins/com.st.stm32cube.ide.mcu.externaltools.gnu-tools-for-stm32.9-2020-q2-update.win32_2.0.0.202105311346/tools/bin/../lib/gcc/arm-none-eabi/9.3.1/../../../../arm-none-eabi/lib/thumb/v7e-m+fp/hard\libc_nano.a(lib_a-exit.o) (_global_impure_ptr)
c:/st/stm32cubeide_1.8.0/stm32cubeide/plugins/com.st.stm32cube.ide.mcu.externaltools.gnu-tools-for-stm32.9-2020-q2-update.win32_2.0.0.202105311346/tools/bin/../lib/gcc/arm-none-eabi/9.3.1/../../../../arm-none-eabi/lib/thumb/v7e-m+fp/hard\libc_nano.a(lib_a-init.o)
                              c:/st/stm32cubeide_1.8.0/stm32cubeide/plugins/com.st.stm32cube.ide.mcu.externaltools.gnu-tools-for-stm32.9-2020-q2-update.win32_2.0.0.202105311346/tools/bin/../lib/gcc/arm-none-eabi/9.3.1/../../../../arm-none-eabi/lib/thumb/v7e-m+fp/hard/crt0.o (__libc_init_array)
c:/st/stm32cubeide_1.8.0/stm32cubeide/plugins/com.st.stm32cube.ide.mcu.externaltools.gnu-tools-for-stm32.9-2020-q2-update.win32_2.0.0.202105311346/tools/bin/../lib/gcc/arm-none-eabi/9.3.1/../../../../arm-none-eabi/lib/thumb/v7e-m+fp/hard\libc_nano.a(lib_a-memset.o)
                              c:/st/stm32cubeide_1.8.0/stm32cubeide/plugins/com.st.stm32cube.ide.mcu.externaltools.gnu-tools-for-stm32.9-2020-q2-update.win32_2.0.0.202105311346/tools/bin/../lib/gcc/arm-none-eabi/9.3.1/../../../../arm-none-eabi/lib/thumb/v7e-m+fp/hard/crt0.o (memset)
c:/st/stm32cubeide_1.8.0/stm32cubeide/plugins/com.st.stm32cube.ide.mcu.externaltools.gnu-tools-for-stm32.9-2020-q2-update.win32_2.0.0.202105311346/tools/bin/../lib/gcc/arm-none-eabi/9.3.1/../../../../arm-none-eabi/lib/thumb/v7e-m+fp/hard\libc_nano.a(lib_a-sprintf.o)
                              ./Core/Src/main.o (sprintf)
c:/st/stm32cubeide_1.8.0/stm32cubeide/plugins/com.st.stm32cube.ide.mcu.externaltools.gnu-tools-for-stm32.9-2020-q2-update.win32_2.0.0.202105311346/tools/bin/../lib/gcc/arm-none-eabi/9.3.1/../../../../arm-none-eabi/lib/thumb/v7e-m+fp/hard\libc_nano.a(lib_a-strlen.o)
                              ./Core/Src/main.o (strlen)
c:/st/stm32cubeide_1.8.0/stm32cubeide/plugins/com.st.stm32cube.ide.mcu.externaltools.gnu-tools-for-stm32.9-2020-q2-update.win32_2.0.0.202105311346/tools/bin/../lib/gcc/arm-none-eabi/9.3.1/../../../../arm-none-eabi/lib/thumb/v7e-m+fp/hard\libc_nano.a(lib_a-nano-svfprintf.o)
                              c:/st/stm32cubeide_1.8.0/stm32cubeide/plugins/com.st.stm32cube.ide.mcu.externaltools.gnu-tools-for-stm32.9-2020-q2-update.win32_2.0.0.202105311346/tools/bin/../lib/gcc/arm-none-eabi/9.3.1/../../../../arm-none-eabi/lib/thumb/v7e-m+fp/hard\libc_nano.a(lib_a-sprintf.o) (_svfprintf_r)
c:/st/stm32cubeide_1.8.0/stm32cubeide/plugins/com.st.stm32cube.ide.mcu.externaltools.gnu-tools-for-stm32.9-2020-q2-update.win32_2.0.0.202105311346/tools/bin/../lib/gcc/arm-none-eabi/9.3.1/../../../../arm-none-eabi/lib/thumb/v7e-m+fp/hard\libc_nano.a(lib_a-nano-vfprintf_i.o)
                              c:/st/stm32cubeide_1.8.0/stm32cubeide/plugins/com.st.stm32cube.ide.mcu.externaltools.gnu-tools-for-stm32.9-2020-q2-update.win32_2.0.0.202105311346/tools/bin/../lib/gcc/arm-none-eabi/9.3.1/../../../../arm-none-eabi/lib/thumb/v7e-m+fp/hard\libc_nano.a(lib_a-nano-svfprintf.o) (_printf_i)
c:/st/stm32cubeide_1.8.0/stm32cubeide/plugins/com.st.stm32cube.ide.mcu.externaltools.gnu-tools-for-stm32.9-2020-q2-update.win32_2.0.0.202105311346/tools/bin/../lib/gcc/arm-none-eabi/9.3.1/../../../../arm-none-eabi/lib/thumb/v7e-m+fp/hard\libc_nano.a(lib_a-memchr.o)
[...]
Memory Configuration

Name             Origin             Length             Attributes
RAM              0x0000000020000000 0x0000000000018000 xrw
RAM2             0x0000000010000000 0x0000000000008000 xrw
FLASH            0x0000000008000000 0x0000000000100000 xr
*default*        0x0000000000000000 0xffffffffffffffff

Linker script and memory map

LOAD c:/st/stm32cubeide_1.8.0/stm32cubeide/plugins/com.st.stm32cube.ide.mcu.externaltools.gnu-tools-for-stm32.9-2020-q2-update.win32_2.0.0.202105311346/tools/bin/../lib/gcc/arm-none-eabi/9.3.1/thumb/v7e-m+fp/hard/crti.o
LOAD c:/st/stm32cubeide_1.8.0/stm32cubeide/plugins/com.st.stm32cube.ide.mcu.externaltools.gnu-tools-for-stm32.9-2020-q2-update.win32_2.0.0.202105311346/tools/bin/../lib/gcc/arm-none-eabi/9.3.1/thumb/v7e-m+fp/hard/crtbegin.o
LOAD c:/st/stm32cubeide_1.8.0/stm32cubeide/plugins/com.st.stm32cube.ide.mcu.externaltools.gnu-tools-for-stm32.9-2020-q2-update.win32_2.0.0.202105311346/tools/bin/../lib/gcc/arm-none-eabi/9.3.1/../../../../arm-none-eabi/lib/thumb/v7e-m+fp/hard/crt0.o
LOAD ./Core/Src/fatfs_sd.o
LOAD ./Core/Src/main.o
LOAD ./Core/Src/stm32l4xx_hal_msp.o
LOAD ./Core/Src/stm32l4xx_it.o
LOAD ./Core/Src/syscalls.o
LOAD ./Core/Src/sysmem.o
LOAD ./Core/Src/system_stm32l4xx.o
LOAD ./Core/Startup/startup_stm32l476rgtx.o
LOAD ./Drivers/STM32L4xx_HAL_Driver/Src/stm32l4xx_hal.o
LOAD ./Drivers/STM32L4xx_HAL_Driver/Src/stm32l4xx_hal_cortex.o
LOAD ./Drivers/STM32L4xx_HAL_Driver/Src/stm32l4xx_hal_dma.o
LOAD ./Drivers/STM32L4xx_HAL_Driver/Src/stm32l4xx_hal_dma_ex.o
LOAD ./Drivers/STM32L4xx_HAL_Driver/Src/stm32l4xx_hal_exti.o
LOAD ./Drivers/STM32L4xx_HAL_Driver/Src/stm32l4xx_hal_flash.o
LOAD ./Drivers/STM32L4xx_HAL_Driver/Src/stm32l4xx_hal_flash_ex.o
LOAD ./Drivers/STM32L4xx_HAL_Driver/Src/stm32l4xx_hal_flash_ramfunc.o
LOAD ./Drivers/STM32L4xx_HAL_Driver/Src/stm32l4xx_hal_gpio.o
LOAD ./Drivers/STM32L4xx_HAL_Driver/Src/stm32l4xx_hal_i2c.o
LOAD ./Drivers/STM32L4xx_HAL_Driver/Src/stm32l4xx_hal_i2c_ex.o
LOAD ./Drivers/STM32L4xx_HAL_Driver/Src/stm32l4xx_hal_pwr.o
LOAD ./Drivers/STM32L4xx_HAL_Driver/Src/stm32l4xx_hal_pwr_ex.o
LOAD ./Drivers/STM32L4xx_HAL_Driver/Src/stm32l4xx_hal_rcc.o
LOAD ./Drivers/STM32L4xx_HAL_Driver/Src/stm32l4xx_hal_rcc_ex.o
LOAD ./Drivers/STM32L4xx_HAL_Driver/Src/stm32l4xx_hal_spi.o
LOAD ./Drivers/STM32L4xx_HAL_Driver/Src/stm32l4xx_hal_spi_ex.o
LOAD ./Drivers/STM32L4xx_HAL_Driver/Src/stm32l4xx_hal_tim.o
LOAD ./Drivers/STM32L4xx_HAL_Driver/Src/stm32l4xx_hal_tim_ex.o
LOAD ./Drivers/STM32L4xx_HAL_Driver/Src/stm32l4xx_hal_uart.o
LOAD ./Drivers/STM32L4xx_HAL_Driver/Src/stm32l4xx_hal_uart_ex.o
LOAD ./FATFS/App/fatfs.o
LOAD ./FATFS/Target/user_diskio.o
LOAD ./Middlewares/Third_Party/FatFs/src/diskio.o
LOAD ./Middlewares/Third_Party/FatFs/src/ff.o
LOAD ./Middlewares/Third_Party/FatFs/src/ff_gen_drv.o
LOAD ./Middlewares/Third_Party/FatFs/src/option/ccsbcs.o
LOAD ./Middlewares/Third_Party/FatFs/src/option/syscall.o
START GROUP
LOAD c:/st/stm32cubeide_1.8.0/stm32cubeide/plugins/com.st.stm32cube.ide.mcu.externaltools.gnu-tools-for-stm32.9-2020-q2-update.win32_2.0.0.202105311346/tools/bin/../lib/gcc/arm-none-eabi/9.3.1/../../../../arm-none-eabi/lib/thumb/v7e-m+fp/hard\libc_nano.a
LOAD c:/st/stm32cubeide_1.8.0/stm32cubeide/plugins/com.st.stm32cube.ide.mcu.externaltools.gnu-tools-for-stm32.9-2020-q2-update.win32_2.0.0.202105311346/tools/bin/../lib/gcc/arm-none-eabi/9.3.1/../../../../arm-none-eabi/lib/thumb/v7e-m+fp/hard\libm.a
END GROUP
START GROUP
LOAD c:/st/stm32cubeide_1.8.0/stm32cubeide/plugins/com.st.stm32cube.ide.mcu.externaltools.gnu-tools-for-stm32.9-2020-q2-update.win32_2.0.0.202105311346/tools/bin/../lib/gcc/arm-none-eabi/9.3.1/thumb/v7e-m+fp/hard\libgcc.a
LOAD c:/st/stm32cubeide_1.8.0/stm32cubeide/plugins/com.st.stm32cube.ide.mcu.externaltools.gnu-tools-for-stm32.9-2020-q2-update.win32_2.0.0.202105311346/tools/bin/../lib/gcc/arm-none-eabi/9.3.1/../../../../arm-none-eabi/lib/thumb/v7e-m+fp/hard\libc_nano.a
END GROUP
START GROUP
LOAD c:/st/stm32cubeide_1.8.0/stm32cubeide/plugins/com.st.stm32cube.ide.mcu.externaltools.gnu-tools-for-stm32.9-2020-q2-update.win32_2.0.0.202105311346/tools/bin/../lib/gcc/arm-none-eabi/9.3.1/thumb/v7e-m+fp/hard\libgcc.a
LOAD c:/st/stm32cubeide_1.8.0/stm32cubeide/plugins/com.st.stm32cube.ide.mcu.externaltools.gnu-tools-for-stm32.9-2020-q2-update.win32_2.0.0.202105311346/tools/bin/../lib/gcc/arm-none-eabi/9.3.1/../../../../arm-none-eabi/lib/thumb/v7e-m+fp/hard\libc_nano.a
LOAD c:/st/stm32cubeide_1.8.0/stm32cubeide/plugins/com.st.stm32cube.ide.mcu.externaltools.gnu-tools-for-stm32.9-2020-q2-update.win32_2.0.0.202105311346/tools/bin/../lib/gcc/arm-none-eabi/9.3.1/../../../../arm-none-eabi/lib/thumb/v7e-m+fp/hard\libnosys.a
END GROUP
START GROUP
LOAD c:/st/stm32cubeide_1.8.0/stm32cubeide/plugins/com.st.stm32cube.ide.mcu.externaltools.gnu-tools-for-stm32.9-2020-q2-update.win32_2.0.0.202105311346/tools/bin/../lib/gcc/arm-none-eabi/9.3.1/thumb/v7e-m+fp/hard\libgcc.a
LOAD c:/st/stm32cubeide_1.8.0/stm32cubeide/plugins/com.st.stm32cube.ide.mcu.externaltools.gnu-tools-for-stm32.9-2020-q2-update.win32_2.0.0.202105311346/tools/bin/../lib/gcc/arm-none-eabi/9.3.1/../../../../arm-none-eabi/lib/thumb/v7e-m+fp/hard\libc_nano.a
LOAD c:/st/stm32cubeide_1.8.0/stm32cubeide/plugins/com.st.stm32cube.ide.mcu.externaltools.gnu-tools-for-stm32.9-2020-q2-update.win32_2.0.0.202105311346/tools/bin/../lib/gcc/arm-none-eabi/9.3.1/../../../../arm-none-eabi/lib/thumb/v7e-m+fp/hard\libnosys.a
END GROUP
LOAD c:/st/stm32cubeide_1.8.0/stm32cubeide/plugins/com.st.stm32cube.ide.mcu.externaltools.gnu-tools-for-stm32.9-2020-q2-update.win32_2.0.0.202105311346/tools/bin/../lib/gcc/arm-none-eabi/9.3.1/thumb/v7e-m+fp/hard/crtend.o
LOAD c:/st/stm32cubeide_1.8.0/stm32cubeide/plugins/com.st.stm32cube.ide.mcu.externaltools.gnu-tools-for-stm32.9-2020-q2-update.win32_2.0.0.202105311346/tools/bin/../lib/gcc/arm-none-eabi/9.3.1/thumb/v7e-m+fp/hard/crtn.o
                0x0000000020018000                _estack = (ORIGIN (RAM) + LENGTH (RAM))
                0x0000000000000200                _Min_Heap_Size = 0x200
                0x0000000000000400                _Min_Stack_Size = 0x400

.isr_vector     0x0000000008000000      0x188
                0x0000000008000000                . = ALIGN (0x4)
 *(.isr_vector)
 .isr_vector    0x0000000008000000      0x188 ./Core/Startup/startup_stm32l476rgtx.o
                0x0000000008000000                g_pfnVectors
                0x0000000008000188                . = ALIGN (0x4)

.text           0x0000000008000190     0x94e0
                0x0000000008000190                . = ALIGN (0x4)
 *(.text)
 .text          0x0000000008000190       0x40 c:/st/stm32cubeide_1.8.0/stm32cubeide/plugins/com.st.stm32cube.ide.mcu.externaltools.gnu-tools-for-stm32.9-2020-q2-update.win32_2.0.0.202105311346/tools/bin/../lib/gcc/arm-none-eabi/9.3.1/thumb/v7e-m+fp/hard/crtbegin.o
 .text          0x00000000080001d0       0x10 c:/st/stm32cubeide_1.8.0/stm32cubeide/plugins/com.st.stm32cube.ide.mcu.externaltools.gnu-tools-for-stm32.9-2020-q2-update.win32_2.0.0.202105311346/tools/bin/../lib/gcc/arm-none-eabi/9.3.1/../../../../arm-none-eabi/lib/thumb/v7e-m+fp/hard\libc_nano.a(lib_a-strlen.o)
                0x00000000080001d0                strlen
 .text          0x00000000080001e0       0xa0 c:/st/stm32cubeide_1.8.0/stm32cubeide/plugins/com.st.stm32cube.ide.mcu.externaltools.gnu-tools-for-stm32.9-2020-q2-update.win32_2.0.0.202105311346/tools/bin/../lib/gcc/arm-none-eabi/9.3.1/../../../../arm-none-eabi/lib/thumb/v7e-m+fp/hard\libc_nano.a(lib_a-memchr.o)
                0x00000000080001e0                memchr
 .text          0x0000000008000280       0x30 c:/st/stm32cubeide_1.8.0/stm32cubeide/plugins/com.st.stm32cube.ide.mcu.externaltools.gnu-tools-for-stm32.9-2020-q2-update.win32_2.0.0.202105311346/tools/bin/../lib/gcc/arm-none-eabi/9.3.1/thumb/v7e-m+fp/hard\libgcc.a(_aeabi_uldivmod.o)
                0x0000000008000280                __aeabi_uldivmod
 .text          0x00000000080002b0      0x2c4 c:/st/stm32cubeide_1.8.0/stm32cubeide/plugins/com.st.stm32cube.ide.mcu.externaltools.gnu-tools-for-stm32.9-2020-q2-update.win32_2.0.0.202105311346/tools/bin/../lib/gcc/arm-none-eabi/9.3.1/thumb/v7e-m+fp/hard\libgcc.a(_udivmoddi4.o)
                0x00000000080002b0                __udivmoddi4
 .text          0x0000000008000574        0x4 c:/st/stm32cubeide_1.8.0/stm32cubeide/plugins/com.st.stm32cube.ide.mcu.externaltools.gnu-tools-for-stm32.9-2020-q2-update.win32_2.0.0.202105311346/tools/bin/../lib/gcc/arm-none-eabi/9.3.1/thumb/v7e-m+fp/hard\libgcc.a(_dvmd_tls.o)
                0x0000000008000574                __aeabi_idiv0
                0x0000000008000574                __aeabi_ldiv0
 *(.text*)
 .text.SELECT   0x0000000008000578       0x1c ./Core/Src/fatfs_sd.o
 .text.DESELECT
                0x0000000008000594       0x1c ./Core/Src/fatfs_sd.o
 .text.SPI_TxByte
                0x00000000080005b0       0x34 ./Core/Src/fatfs_sd.o
 .text.SPI_TxBuffer
                0x00000000080005e4       0x34 ./Core/Src/fatfs_sd.o
 .text.SPI_RxByte
                0x0000000008000618       0x38 ./Core/Src/fatfs_sd.o
 .text.SPI_RxBytePtr
                0x0000000008000650       0x1c ./Core/Src/fatfs_sd.o
 .text.SD_ReadyWait
                0x000000000800066c       0x34 ./Core/Src/fatfs_sd.o
 .text.SD_PowerOn
                0x00000000080006a0       0x84 ./Core/Src/fatfs_sd.o
 .text.SD_PowerOff
                0x0000000008000724       0x18 ./Core/Src/fatfs_sd.o
 .text.SD_CheckPower
                0x000000000800073c       0x18 ./Core/Src/fatfs_sd.o
 .text.SD_RxDataBlock
                0x0000000008000754       0x60 ./Core/Src/fatfs_sd.o
 .text.SD_TxDataBlock
                0x00000000080007b4       0x86 ./Core/Src/fatfs_sd.o
 .text.SD_SendCmd
                0x000000000800083a       0xa8 ./Core/Src/fatfs_sd.o
 *fill*         0x00000000080008e2        0x2 
 .text.SD_disk_initialize
                0x00000000080008e4      0x1d8 ./Core/Src/fatfs_sd.o
                0x00000000080008e4                SD_disk_initialize
 .text.SD_disk_status
                0x0000000008000abc       0x2c ./Core/Src/fatfs_sd.o
                0x0000000008000abc                SD_disk_status
 .text.SD_disk_read
                0x0000000008000ae8       0xd4 ./Core/Src/fatfs_sd.o
                0x0000000008000ae8                SD_disk_read
 .text.SD_disk_write
                0x0000000008000bbc      0x108 ./Core/Src/fatfs_sd.o
                0x0000000008000bbc                SD_disk_write
 .text.SD_disk_ioctl
                0x0000000008000cc4      0x258 ./Core/Src/fatfs_sd.o
                0x0000000008000cc4                SD_disk_ioctl
 .text.send_uart
                0x0000000008000f1c       0x30 ./Core/Src/main.o
                0x0000000008000f1c                send_uart
 .text.clear_buffer
                0x0000000008000f4c       0x38 ./Core/Src/main.o
                0x0000000008000f4c                clear_buffer
 .text.main     0x0000000008000f84      0x2dc ./Core/Src/main.o
                0x0000000008000f84                main
 .text.SystemClock_Config
                0x0000000008001260       0xa2 ./Core/Src/main.o
                0x0000000008001260                SystemClock_Config
 *fill*         0x0000000008001302        0x2 
 .text.MX_I2C1_Init
                0x0000000008001304       0x80 ./Core/Src/main.o
 .text.MX_SPI1_Init
                0x0000000008001384       0x7c ./Core/Src/main.o
 .text.MX_USART2_UART_Init
                0x0000000008001400       0x60 ./Core/Src/main.o
 .text.MX_GPIO_Init
                0x0000000008001460       0xcc ./Core/Src/main.o
 .text.Error_Handler
                0x000000000800152c        0xa ./Core/Src/main.o
                0x000000000800152c                Error_Handler
 *fill*         0x0000000008001536        0x2 
 .text.HAL_MspInit
                0x0000000008001538       0x48 ./Core/Src/stm32l4xx_hal_msp.o
                0x0000000008001538                HAL_MspInit
 .text.HAL_I2C_MspInit
                0x0000000008001580       0xbc ./Core/Src/stm32l4xx_hal_msp.o
                0x0000000008001580                HAL_I2C_MspInit
 .text.HAL_SPI_MspInit
                0x000000000800163c       0x84 ./Core/Src/stm32l4xx_hal_msp.o
                0x000000000800163c                HAL_SPI_MspInit
 .text.HAL_UART_MspInit
                0x00000000080016c0       0xb8 ./Core/Src/stm32l4xx_hal_msp.o
                0x00000000080016c0                HAL_UART_MspInit
 .text.NMI_Handler
                0x0000000008001778        0x6 ./Core/Src/stm32l4xx_it.o
                0x0000000008001778                NMI_Handler
 .text.HardFault_Handler
                0x000000000800177e        0x6 ./Core/Src/stm32l4xx_it.o
                0x000000000800177e                HardFault_Handler
 .text.MemManage_Handler
                0x0000000008001784        0x6 ./Core/Src/stm32l4xx_it.o
                0x0000000008001784                MemManage_Handler
 .text.BusFault_Handler
                0x000000000800178a        0x6 ./Core/Src/stm32l4xx_it.o
                0x000000000800178a                BusFault_Handler
 .text.UsageFault_Handler
                0x0000000008001790        0x6 ./Core/Src/stm32l4xx_it.o
                0x0000000008001790                UsageFault_Handler
 .text.SVC_Handler
                0x0000000008001796        0xe ./Core/Src/stm32l4xx_it.o
                0x0000000008001796                SVC_Handler
 .text.DebugMon_Handler
                0x00000000080017a4        0xe ./Core/Src/stm32l4xx_it.o
                0x00000000080017a4                DebugMon_Handler
 .text.PendSV_Handler
                0x00000000080017b2        0xe ./Core/Src/stm32l4xx_it.o
                0x00000000080017b2                PendSV_Handler
 .text.SysTick_Handler
                0x00000000080017c0        0xc ./Core/Src/stm32l4xx_it.o
                0x00000000080017c0                SysTick_Handler
 .text._sbrk    0x00000000080017cc       0x6c ./Core/Src/sysmem.o
                0x00000000080017cc                _sbrk
 .text.SystemInit
                0x0000000008001838       0x24 ./Core/Src/system_stm32l4xx.o
                0x0000000008001838                SystemInit
 .text.Reset_Handler
                0x000000000800185c       0x50 ./Core/Startup/startup_stm32l476rgtx.o
                0x000000000800185c                Reset_Handler
 .text.Default_Handler
                0x00000000080018ac        0x2 ./Core/Startup/startup_stm32l476rgtx.o
                0x00000000080018ac                RTC_Alarm_IRQHandler
                0x00000000080018ac                EXTI2_IRQHandler
                0x00000000080018ac                TIM8_TRG_COM_IRQHandler
                0x00000000080018ac                TIM8_CC_IRQHandler
                0x00000000080018ac                TIM1_CC_IRQHandler
                0x00000000080018ac                TSC_IRQHandler
                0x00000000080018ac                TAMP_STAMP_IRQHandler
                0x00000000080018ac                EXTI3_IRQHandler
                0x00000000080018ac                LPTIM2_IRQHandler
                0x00000000080018ac                DFSDM1_FLT1_IRQHandler
                0x00000000080018ac                I2C3_ER_IRQHandler
                0x00000000080018ac                DFSDM1_FLT2_IRQHandler
                0x00000000080018ac                EXTI0_IRQHandler
                0x00000000080018ac                I2C2_EV_IRQHandler
                0x00000000080018ac                CAN1_RX0_IRQHandler
                0x00000000080018ac                FPU_IRQHandler
                0x00000000080018ac                TIM1_UP_TIM16_IRQHandler
                0x00000000080018ac                ADC1_2_IRQHandler
                0x00000000080018ac                SPI1_IRQHandler
                0x00000000080018ac                TIM6_DAC_IRQHandler
                0x00000000080018ac                TIM8_UP_IRQHandler
                0x00000000080018ac                DMA2_Channel2_IRQHandler
                0x00000000080018ac                DMA1_Channel4_IRQHandler
                0x00000000080018ac                SAI2_IRQHandler
                0x00000000080018ac                DFSDM1_FLT3_IRQHandler
                0x00000000080018ac                USART3_IRQHandler
                0x00000000080018ac                DMA1_Channel7_IRQHandler
                0x00000000080018ac                CAN1_RX1_IRQHandler
                0x00000000080018ac                LCD_IRQHandler
                0x00000000080018ac                UART5_IRQHandler
                0x00000000080018ac                ADC3_IRQHandler
                0x00000000080018ac                TIM4_IRQHandler
                0x00000000080018ac                DMA2_Channel1_IRQHandler
                0x00000000080018ac                QUADSPI_IRQHandler
                0x00000000080018ac                I2C1_EV_IRQHandler
                0x00000000080018ac                DMA1_Channel6_IRQHandler
                0x00000000080018ac                UART4_IRQHandler
                0x00000000080018ac                DMA2_Channel4_IRQHandler
                0x00000000080018ac                TIM3_IRQHandler
                0x00000000080018ac                RCC_IRQHandler
                0x00000000080018ac                DMA1_Channel1_IRQHandler
                0x00000000080018ac                Default_Handler
                0x00000000080018ac                DMA2_Channel7_IRQHandler
                0x00000000080018ac                EXTI15_10_IRQHandler
                0x00000000080018ac                TIM7_IRQHandler
                0x00000000080018ac                SDMMC1_IRQHandler
                0x00000000080018ac                TIM5_IRQHandler
                0x00000000080018ac                I2C3_EV_IRQHandler
                0x00000000080018ac                EXTI9_5_IRQHandler
                0x00000000080018ac                RTC_WKUP_IRQHandler
                0x00000000080018ac                PVD_PVM_IRQHandler
                0x00000000080018ac                SPI2_IRQHandler
                0x00000000080018ac                CAN1_TX_IRQHandler
                0x00000000080018ac                DMA2_Channel5_IRQHandler
                0x00000000080018ac                DMA1_Channel5_IRQHandler
                0x00000000080018ac                EXTI4_IRQHandler
                0x00000000080018ac                RNG_IRQHandler
                0x00000000080018ac                TIM1_TRG_COM_TIM17_IRQHandler
                0x00000000080018ac                DMA1_Channel3_IRQHandler
                0x00000000080018ac                COMP_IRQHandler
                0x00000000080018ac                WWDG_IRQHandler
                0x00000000080018ac                LPUART1_IRQHandler
                0x00000000080018ac                DMA2_Channel6_IRQHandler
                0x00000000080018ac                TIM2_IRQHandler
                0x00000000080018ac                EXTI1_IRQHandler
                0x00000000080018ac                USART2_IRQHandler
                0x00000000080018ac                DFSDM1_FLT0_IRQHandler
                0x00000000080018ac                I2C2_ER_IRQHandler
                0x00000000080018ac                DMA1_Channel2_IRQHandler
                0x00000000080018ac                TIM8_BRK_IRQHandler
                0x00000000080018ac                CAN1_SCE_IRQHandler
                0x00000000080018ac                FLASH_IRQHandler
                0x00000000080018ac                USART1_IRQHandler
                0x00000000080018ac                OTG_FS_IRQHandler
                0x00000000080018ac                SPI3_IRQHandler
                0x00000000080018ac                I2C1_ER_IRQHandler
                0x00000000080018ac                FMC_IRQHandler
                0x00000000080018ac                SWPMI1_IRQHandler
                0x00000000080018ac                LPTIM1_IRQHandler
                0x00000000080018ac                SAI1_IRQHandler
                0x00000000080018ac                DMA2_Channel3_IRQHandler
                0x00000000080018ac                TIM1_BRK_TIM15_IRQHandler
 *fill*         0x00000000080018ae        0x2 
 .text.HAL_Init
                0x00000000080018b0       0x40 ./Drivers/STM32L4xx_HAL_Driver/Src/stm32l4xx_hal.o
                0x00000000080018b0                HAL_Init
 .text.HAL_InitTick
                0x00000000080018f0       0x78 ./Drivers/STM32L4xx_HAL_Driver/Src/stm32l4xx_hal.o
                0x00000000080018f0                HAL_InitTick
 .text.HAL_IncTick
                0x0000000008001968       0x28 ./Drivers/STM32L4xx_HAL_Driver/Src/stm32l4xx_hal.o
                0x0000000008001968                HAL_IncTick
 .text.HAL_GetTick
                0x0000000008001990       0x18 ./Drivers/STM32L4xx_HAL_Driver/Src/stm32l4xx_hal.o
                0x0000000008001990                HAL_GetTick
 .text.HAL_Delay
                0x00000000080019a8       0x48 ./Drivers/STM32L4xx_HAL_Driver/Src/stm32l4xx_hal.o
                0x00000000080019a8                HAL_Delay
 .text.__NVIC_SetPriorityGrouping
                0x00000000080019f0       0x48 ./Drivers/STM32L4xx_HAL_Driver/Src/stm32l4xx_hal_cortex.o
 .text.__NVIC_GetPriorityGrouping
                0x0000000008001a38       0x1c ./Drivers/STM32L4xx_HAL_Driver/Src/stm32l4xx_hal_cortex.o
 .text.__NVIC_SetPriority
                0x0000000008001a54       0x54 ./Drivers/STM32L4xx_HAL_Driver/Src/stm32l4xx_hal_cortex.o
 .text.NVIC_EncodePriority
                0x0000000008001aa8       0x66 ./Drivers/STM32L4xx_HAL_Driver/Src/stm32l4xx_hal_cortex.o
 *fill*         0x0000000008001b0e        0x2 
 .text.SysTick_Config
                0x0000000008001b10       0x44 ./Drivers/STM32L4xx_HAL_Driver/Src/stm32l4xx_hal_cortex.o
 .text.HAL_NVIC_SetPriorityGrouping
                0x0000000008001b54       0x16 ./Drivers/STM32L4xx_HAL_Driver/Src/stm32l4xx_hal_cortex.o
                0x0000000008001b54                HAL_NVIC_SetPriorityGrouping
 .text.HAL_NVIC_SetPriority
                0x0000000008001b6a       0x38 ./Drivers/STM32L4xx_HAL_Driver/Src/stm32l4xx_hal_cortex.o
                0x0000000008001b6a                HAL_NVIC_SetPriority
 .text.HAL_SYSTICK_Config
                0x0000000008001ba2       0x18 ./Drivers/STM32L4xx_HAL_Driver/Src/stm32l4xx_hal_cortex.o
                0x0000000008001ba2                HAL_SYSTICK_Config
 *fill*         0x0000000008001bba        0x2 
 .text.HAL_GPIO_Init
                0x0000000008001bbc      0x354 ./Drivers/STM32L4xx_HAL_Driver/Src/stm32l4xx_hal_gpio.o
                0x0000000008001bbc                HAL_GPIO_Init
 .text.HAL_GPIO_WritePin
                0x0000000008001f10       0x30 ./Drivers/STM32L4xx_HAL_Driver/Src/stm32l4xx_hal_gpio.o
                0x0000000008001f10                HAL_GPIO_WritePin
 .text.HAL_I2C_Init
                0x0000000008001f40      0x11e ./Drivers/STM32L4xx_HAL_Driver/Src/stm32l4xx_hal_i2c.o
                0x0000000008001f40                HAL_I2C_Init
 *fill*         0x000000000800205e        0x2 
 .text.HAL_I2C_Master_Transmit
                0x0000000008002060      0x1e8 ./Drivers/STM32L4xx_HAL_Driver/Src/stm32l4xx_hal_i2c.o
                0x0000000008002060                HAL_I2C_Master_Transmit
 .text.HAL_I2C_Master_Receive
                0x0000000008002248      0x1ec ./Drivers/STM32L4xx_HAL_Driver/Src/stm32l4xx_hal_i2c.o
                0x0000000008002248                HAL_I2C_Master_Receive
 .text.I2C_Flush_TXDR
                0x0000000008002434       0x48 ./Drivers/STM32L4xx_HAL_Driver/Src/stm32l4xx_hal_i2c.o
 .text.I2C_WaitOnFlagUntilTimeout
                0x000000000800247c       0x80 ./Drivers/STM32L4xx_HAL_Driver/Src/stm32l4xx_hal_i2c.o
 .text.I2C_WaitOnTXISFlagUntilTimeout
                0x00000000080024fc       0x80 ./Drivers/STM32L4xx_HAL_Driver/Src/stm32l4xx_hal_i2c.o
 .text.I2C_WaitOnSTOPFlagUntilTimeout
                0x000000000800257c       0x78 ./Drivers/STM32L4xx_HAL_Driver/Src/stm32l4xx_hal_i2c.o
 .text.I2C_WaitOnRXNEFlagUntilTimeout
                0x00000000080025f4       0xf4 ./Drivers/STM32L4xx_HAL_Driver/Src/stm32l4xx_hal_i2c.o
 .text.I2C_IsErrorOccurred
                0x00000000080026e8      0x1d8 ./Drivers/STM32L4xx_HAL_Driver/Src/stm32l4xx_hal_i2c.o
 .text.I2C_TransferConfig
                0x00000000080028c0       0x64 ./Drivers/STM32L4xx_HAL_Driver/Src/stm32l4xx_hal_i2c.o
 .text.HAL_I2CEx_ConfigAnalogFilter
                0x0000000008002924       0x96 ./Drivers/STM32L4xx_HAL_Driver/Src/stm32l4xx_hal_i2c_ex.o
                0x0000000008002924                HAL_I2CEx_ConfigAnalogFilter
 .text.HAL_I2CEx_ConfigDigitalFilter
                0x00000000080029ba       0x98 ./Drivers/STM32L4xx_HAL_Driver/Src/stm32l4xx_hal_i2c_ex.o
                0x00000000080029ba                HAL_I2CEx_ConfigDigitalFilter
 *fill*         0x0000000008002a52        0x2 
 .text.HAL_PWREx_GetVoltageRange
                0x0000000008002a54       0x1c ./Drivers/STM32L4xx_HAL_Driver/Src/stm32l4xx_hal_pwr_ex.o
                0x0000000008002a54                HAL_PWREx_GetVoltageRange
 .text.HAL_PWREx_ControlVoltageScaling
                0x0000000008002a70       0xac ./Drivers/STM32L4xx_HAL_Driver/Src/stm32l4xx_hal_pwr_ex.o
                0x0000000008002a70                HAL_PWREx_ControlVoltageScaling
 .text.HAL_RCC_OscConfig
                0x0000000008002b1c      0x7b4 ./Drivers/STM32L4xx_HAL_Driver/Src/stm32l4xx_hal_rcc.o
                0x0000000008002b1c                HAL_RCC_OscConfig
 .text.HAL_RCC_ClockConfig
                0x00000000080032d0      0x200 ./Drivers/STM32L4xx_HAL_Driver/Src/stm32l4xx_hal_rcc.o
                0x00000000080032d0                HAL_RCC_ClockConfig
 .text.HAL_RCC_GetSysClockFreq
                0x00000000080034d0      0x118 ./Drivers/STM32L4xx_HAL_Driver/Src/stm32l4xx_hal_rcc.o
                0x00000000080034d0                HAL_RCC_GetSysClockFreq
 .text.HAL_RCC_GetHCLKFreq
                0x00000000080035e8       0x18 ./Drivers/STM32L4xx_HAL_Driver/Src/stm32l4xx_hal_rcc.o
                0x00000000080035e8                HAL_RCC_GetHCLKFreq
 .text.HAL_RCC_GetPCLK1Freq
                0x0000000008003600       0x2c ./Drivers/STM32L4xx_HAL_Driver/Src/stm32l4xx_hal_rcc.o
                0x0000000008003600                HAL_RCC_GetPCLK1Freq
 .text.HAL_RCC_GetPCLK2Freq
                0x000000000800362c       0x2c ./Drivers/STM32L4xx_HAL_Driver/Src/stm32l4xx_hal_rcc.o
                0x000000000800362c                HAL_RCC_GetPCLK2Freq
 .text.RCC_SetFlashLatencyFromMSIRange
                0x0000000008003658       0xc0 ./Drivers/STM32L4xx_HAL_Driver/Src/stm32l4xx_hal_rcc.o
 .text.HAL_RCCEx_PeriphCLKConfig
                0x0000000008003718      0x5d4 ./Drivers/STM32L4xx_HAL_Driver/Src/stm32l4xx_hal_rcc_ex.o
                0x0000000008003718                HAL_RCCEx_PeriphCLKConfig
 .text.RCCEx_PLLSAI1_Config
                0x0000000008003cec      0x1e8 ./Drivers/STM32L4xx_HAL_Driver/Src/stm32l4xx_hal_rcc_ex.o
 .text.RCCEx_PLLSAI2_Config
                0x0000000008003ed4      0x1bc ./Drivers/STM32L4xx_HAL_Driver/Src/stm32l4xx_hal_rcc_ex.o
 .text.HAL_SPI_Init
                0x0000000008004090      0x146 ./Drivers/STM32L4xx_HAL_Driver/Src/stm32l4xx_hal_spi.o
                0x0000000008004090                HAL_SPI_Init
 .text.HAL_SPI_Transmit
                0x00000000080041d6      0x2dc ./Drivers/STM32L4xx_HAL_Driver/Src/stm32l4xx_hal_spi.o
                0x00000000080041d6                HAL_SPI_Transmit
 .text.HAL_SPI_TransmitReceive
                0x00000000080044b2      0x426 ./Drivers/STM32L4xx_HAL_Driver/Src/stm32l4xx_hal_spi.o
                0x00000000080044b2                HAL_SPI_TransmitReceive
 .text.SPI_WaitFlagStateUntilTimeout
                0x00000000080048d8      0x110 ./Drivers/STM32L4xx_HAL_Driver/Src/stm32l4xx_hal_spi.o
 .text.SPI_WaitFifoStateUntilTimeout
                0x00000000080049e8      0x12c ./Drivers/STM32L4xx_HAL_Driver/Src/stm32l4xx_hal_spi.o
 .text.SPI_EndRxTxTransaction
                0x0000000008004b14       0x8c ./Drivers/STM32L4xx_HAL_Driver/Src/stm32l4xx_hal_spi.o
 .text.HAL_UART_Init
                0x0000000008004ba0       0x9c ./Drivers/STM32L4xx_HAL_Driver/Src/stm32l4xx_hal_uart.o
                0x0000000008004ba0                HAL_UART_Init
 .text.HAL_UART_Transmit
                0x0000000008004c3c      0x128 ./Drivers/STM32L4xx_HAL_Driver/Src/stm32l4xx_hal_uart.o
                0x0000000008004c3c                HAL_UART_Transmit
 .text.UART_SetConfig
                0x0000000008004d64      0x514 ./Drivers/STM32L4xx_HAL_Driver/Src/stm32l4xx_hal_uart.o
                0x0000000008004d64                UART_SetConfig
 .text.UART_AdvFeatureConfig
                0x0000000008005278      0x144 ./Drivers/STM32L4xx_HAL_Driver/Src/stm32l4xx_hal_uart.o
                0x0000000008005278                UART_AdvFeatureConfig
 .text.UART_CheckIdleState
                0x00000000080053bc       0x92 ./Drivers/STM32L4xx_HAL_Driver/Src/stm32l4xx_hal_uart.o
                0x00000000080053bc                UART_CheckIdleState
 .text.UART_WaitOnFlagUntilTimeout
                0x000000000800544e      0x188 ./Drivers/STM32L4xx_HAL_Driver/Src/stm32l4xx_hal_uart.o
                0x000000000800544e                UART_WaitOnFlagUntilTimeout
 *fill*         0x00000000080055d6        0x2 
 .text.MX_FATFS_Init
                0x00000000080055d8       0x24 ./FATFS/App/fatfs.o
                0x00000000080055d8                MX_FATFS_Init
 .text.get_fattime
                0x00000000080055fc       0x10 ./FATFS/App/fatfs.o
                0x00000000080055fc                get_fattime
 .text.USER_initialize
                0x000000000800560c       0x1e ./FATFS/Target/user_diskio.o
                0x000000000800560c                USER_initialize
 .text.USER_status
                0x000000000800562a       0x1c ./FATFS/Target/user_diskio.o
                0x000000000800562a                USER_status
 .text.USER_read
                0x0000000008005646       0x28 ./FATFS/Target/user_diskio.o
                0x0000000008005646                USER_read
 .text.USER_write
                0x000000000800566e       0x28 ./FATFS/Target/user_diskio.o
                0x000000000800566e                USER_write
 .text.USER_ioctl
                0x0000000008005696       0x28 ./FATFS/Target/user_diskio.o
                0x0000000008005696                USER_ioctl
 *fill*         0x00000000080056be        0x2 
 .text.disk_status
                0x00000000080056c0       0x34 ./Middlewares/Third_Party/FatFs/src/diskio.o
                0x00000000080056c0                disk_status
 .text.disk_initialize
                0x00000000080056f4       0x4c ./Middlewares/Third_Party/FatFs/src/diskio.o
                0x00000000080056f4                disk_initialize
 .text.disk_read
                0x0000000008005740       0x40 ./Middlewares/Third_Party/FatFs/src/diskio.o
                0x0000000008005740                disk_read
 .text.disk_write
                0x0000000008005780       0x40 ./Middlewares/Third_Party/FatFs/src/diskio.o
                0x0000000008005780                disk_write
 .text.disk_ioctl
                0x00000000080057c0       0x3c ./Middlewares/Third_Party/FatFs/src/diskio.o
                0x00000000080057c0                disk_ioctl
 .text.ld_word  0x00000000080057fc       0x30 ./Middlewares/Third_Party/FatFs/src/ff.o
 .text.ld_dword
                0x000000000800582c       0x46 ./Middlewares/Third_Party/FatFs/src/ff.o
 .text.st_word  0x0000000008005872       0x36 ./Middlewares/Third_Party/FatFs/src/ff.o
 .text.st_dword
                0x00000000080058a8       0x58 ./Middlewares/Third_Party/FatFs/src/ff.o
 .text.mem_cpy  0x0000000008005900       0x42 ./Middlewares/Third_Party/FatFs/src/ff.o
 .text.mem_set  0x0000000008005942       0x36 ./Middlewares/Third_Party/FatFs/src/ff.o
 .text.mem_cmp  0x0000000008005978       0x4e ./Middlewares/Third_Party/FatFs/src/ff.o
 .text.chk_chr  0x00000000080059c6       0x36 ./Middlewares/Third_Party/FatFs/src/ff.o
 .text.chk_lock
                0x00000000080059fc       0xb8 ./Middlewares/Third_Party/FatFs/src/ff.o
 .text.enq_lock
                0x0000000008005ab4       0x44 ./Middlewares/Third_Party/FatFs/src/ff.o
 .text.inc_lock
                0x0000000008005af8      0x11c ./Middlewares/Third_Party/FatFs/src/ff.o
 .text.dec_lock
                0x0000000008005c14       0x78 ./Middlewares/Third_Party/FatFs/src/ff.o
 .text.clear_lock
                0x0000000008005c8c       0x48 ./Middlewares/Third_Party/FatFs/src/ff.o
 .text.sync_window
                0x0000000008005cd4       0x88 ./Middlewares/Third_Party/FatFs/src/ff.o
 .text.move_window
                0x0000000008005d5c       0x5a ./Middlewares/Third_Party/FatFs/src/ff.o
 *fill*         0x0000000008005db6        0x2 
 .text.sync_fs  0x0000000008005db8       0xe0 ./Middlewares/Third_Party/FatFs/src/ff.o
 .text.clust2sect
                0x0000000008005e98       0x3e ./Middlewares/Third_Party/FatFs/src/ff.o
 .text.get_fat  0x0000000008005ed6      0x1a8 ./Middlewares/Third_Party/FatFs/src/ff.o
 .text.put_fat  0x000000000800607e      0x238 ./Middlewares/Third_Party/FatFs/src/ff.o
 .text.remove_chain
                0x00000000080062b6       0xca ./Middlewares/Third_Party/FatFs/src/ff.o
 .text.create_chain
                0x0000000008006380      0x130 ./Middlewares/Third_Party/FatFs/src/ff.o
 .text.clmt_clust
                0x00000000080064b0       0x70 ./Middlewares/Third_Party/FatFs/src/ff.o
 .text.dir_sdi  0x0000000008006520      0x112 ./Middlewares/Third_Party/FatFs/src/ff.o
 .text.dir_next
                0x0000000008006632      0x1ac ./Middlewares/Third_Party/FatFs/src/ff.o
 .text.dir_alloc
                0x00000000080067de       0x8e ./Middlewares/Third_Party/FatFs/src/ff.o
 .text.ld_clust
                0x000000000800686c       0x3e ./Middlewares/Third_Party/FatFs/src/ff.o
 .text.st_clust
                0x00000000080068aa       0x40 ./Middlewares/Third_Party/FatFs/src/ff.o
 *fill*         0x00000000080068ea        0x2 
 .text.cmp_lfn  0x00000000080068ec       0xe0 ./Middlewares/Third_Party/FatFs/src/ff.o
 .text.put_lfn  0x00000000080069cc       0xd0 ./Middlewares/Third_Party/FatFs/src/ff.o
 .text.gen_numname
                0x0000000008006a9c      0x120 ./Middlewares/Third_Party/FatFs/src/ff.o
 .text.sum_sfn  0x0000000008006bbc       0x42 ./Middlewares/Third_Party/FatFs/src/ff.o
 .text.dir_find
                0x0000000008006bfe      0x180 ./Middlewares/Third_Party/FatFs/src/ff.o
 *fill*         0x0000000008006d7e        0x2 
 .text.dir_register
                0x0000000008006d80      0x1f0 ./Middlewares/Third_Party/FatFs/src/ff.o
 .text.create_name
                0x0000000008006f70      0x370 ./Middlewares/Third_Party/FatFs/src/ff.o
 .text.follow_path
                0x00000000080072e0       0xec ./Middlewares/Third_Party/FatFs/src/ff.o
 .text.get_ldnumber
                0x00000000080073cc       0x88 ./Middlewares/Third_Party/FatFs/src/ff.o
 .text.check_fs
                0x0000000008007454       0xac ./Middlewares/Third_Party/FatFs/src/ff.o
 .text.find_volume
                0x0000000008007500      0x510 ./Middlewares/Third_Party/FatFs/src/ff.o
 .text.validate
                0x0000000008007a10       0x6a ./Middlewares/Third_Party/FatFs/src/ff.o
 *fill*         0x0000000008007a7a        0x2 
 .text.f_mount  0x0000000008007a7c       0x8c ./Middlewares/Third_Party/FatFs/src/ff.o
                0x0000000008007a7c                f_mount
 .text.f_open   0x0000000008007b08      0x398 ./Middlewares/Third_Party/FatFs/src/ff.o
                0x0000000008007b08                f_open
 .text.f_read   0x0000000008007ea0      0x2be ./Middlewares/Third_Party/FatFs/src/ff.o
                0x0000000008007ea0                f_read
 .text.f_write  0x000000000800815e      0x328 ./Middlewares/Third_Party/FatFs/src/ff.o
                0x000000000800815e                f_write
 .text.f_sync   0x0000000008008486       0xfc ./Middlewares/Third_Party/FatFs/src/ff.o
                0x0000000008008486                f_sync
 .text.f_close  0x0000000008008582       0x54 ./Middlewares/Third_Party/FatFs/src/ff.o
                0x0000000008008582                f_close
 .text.f_lseek  0x00000000080085d6      0x448 ./Middlewares/Third_Party/FatFs/src/ff.o
                0x00000000080085d6                f_lseek
 .text.putc_bfd
                0x0000000008008a1e       0x7a ./Middlewares/Third_Party/FatFs/src/ff.o
 .text.putc_flush
                0x0000000008008a98       0x4a ./Middlewares/Third_Party/FatFs/src/ff.o
 .text.putc_init
                0x0000000008008ae2       0x2a ./Middlewares/Third_Party/FatFs/src/ff.o
 .text.f_puts   0x0000000008008b0c       0x48 ./Middlewares/Third_Party/FatFs/src/ff.o
                0x0000000008008b0c                f_puts
 .text.FATFS_LinkDriverEx
                0x0000000008008b54       0x98 ./Middlewares/Third_Party/FatFs/src/ff_gen_drv.o
                0x0000000008008b54                FATFS_LinkDriverEx
 .text.FATFS_LinkDriver
                0x0000000008008bec       0x1e ./Middlewares/Third_Party/FatFs/src/ff_gen_drv.o
                0x0000000008008bec                FATFS_LinkDriver
 *fill*         0x0000000008008c0a        0x2 
 .text.ff_convert
                0x0000000008008c0c       0x78 ./Middlewares/Third_Party/FatFs/src/option/ccsbcs.o
                0x0000000008008c0c                ff_convert
 .text.ff_wtoupper
                0x0000000008008c84      0x114 ./Middlewares/Third_Party/FatFs/src/option/ccsbcs.o
                0x0000000008008c84                ff_wtoupper
 .text.__errno  0x0000000008008d98        0xc c:/st/stm32cubeide_1.8.0/stm32cubeide/plugins/com.st.stm32cube.ide.mcu.externaltools.gnu-tools-for-stm32.9-2020-q2-update.win32_2.0.0.202105311346/tools/bin/../lib/gcc/arm-none-eabi/9.3.1/../../../../arm-none-eabi/lib/thumb/v7e-m+fp/hard\libc_nano.a(lib_a-errno.o)
                0x0000000008008d98                __errno
 .text.__libc_init_array
                0x0000000008008da4       0x48 c:/st/stm32cubeide_1.8.0/stm32cubeide/plugins/com.st.stm32cube.ide.mcu.externaltools.gnu-tools-for-stm32.9-2020-q2-update.win32_2.0.0.202105311346/tools/bin/../lib/gcc/arm-none-eabi/9.3.1/../../../../arm-none-eabi/lib/thumb/v7e-m+fp/hard\libc_nano.a(lib_a-init.o)
                0x0000000008008da4                __libc_init_array
 .text.memset   0x0000000008008dec       0x10 c:/st/stm32cubeide_1.8.0/stm32cubeide/plugins/com.st.stm32cube.ide.mcu.externaltools.gnu-tools-for-stm32.9-2020-q2-update.win32_2.0.0.202105311346/tools/bin/../lib/gcc/arm-none-eabi/9.3.1/../../../../arm-none-eabi/lib/thumb/v7e-m+fp/hard\libc_nano.a(lib_a-memset.o)
                0x0000000008008dec                memset
 .text.sprintf  0x0000000008008dfc       0x40 c:/st/stm32cubeide_1.8.0/stm32cubeide/plugins/com.st.stm32cube.ide.mcu.externaltools.gnu-tools-for-stm32.9-2020-q2-update.win32_2.0.0.202105311346/tools/bin/../lib/gcc/arm-none-eabi/9.3.1/../../../../arm-none-eabi/lib/thumb/v7e-m+fp/hard\libc_nano.a(lib_a-sprintf.o)
                0x0000000008008dfc                siprintf
                0x0000000008008dfc                sprintf
 .text.__ssputs_r
                0x0000000008008e3c       0xb6 c:/st/stm32cubeide_1.8.0/stm32cubeide/plugins/com.st.stm32cube.ide.mcu.externaltools.gnu-tools-for-stm32.9-2020-q2-update.win32_2.0.0.202105311346/tools/bin/../lib/gcc/arm-none-eabi/9.3.1/../../../../arm-none-eabi/lib/thumb/v7e-m+fp/hard\libc_nano.a(lib_a-nano-svfprintf.o)
                0x0000000008008e3c                __ssputs_r
 *fill*         0x0000000008008ef2        0x2 
 .text._svfprintf_r
                0x0000000008008ef4      0x200 c:/st/stm32cubeide_1.8.0/stm32cubeide/plugins/com.st.stm32cube.ide.mcu.externaltools.gnu-tools-for-stm32.9-2020-q2-update.win32_2.0.0.202105311346/tools/bin/../lib/gcc/arm-none-eabi/9.3.1/../../../../arm-none-eabi/lib/thumb/v7e-m+fp/hard\libc_nano.a(lib_a-nano-svfprintf.o)
                0x0000000008008ef4                _svfiprintf_r
                0x0000000008008ef4                _svfprintf_r
 .text._printf_common
                0x00000000080090f4       0xda c:/st/stm32cubeide_1.8.0/stm32cubeide/plugins/com.st.stm32cube.ide.mcu.externaltools.gnu-tools-for-stm32.9-2020-q2-update.win32_2.0.0.202105311346/tools/bin/../lib/gcc/arm-none-eabi/9.3.1/../../../../arm-none-eabi/lib/thumb/v7e-m+fp/hard\libc_nano.a(lib_a-nano-vfprintf_i.o)
                0x00000000080090f4                _printf_common
 *fill*         0x00000000080091ce        0x2 
 .text._printf_i
                0x00000000080091d0      0x24c c:/st/stm32cubeide_1.8.0/stm32cubeide/plugins/com.st.stm32cube.ide.mcu.externaltools.gnu-tools-for-stm32.9-2020-q2-update.win32_2.0.0.202105311346/tools/bin/../lib/gcc/arm-none-eabi/9.3.1/../../../../arm-none-eabi/lib/thumb/v7e-m+fp/hard\libc_nano.a(lib_a-nano-vfprintf_i.o)
                0x00000000080091d0                _printf_i
 .text.memcpy   0x000000000800941c       0x1c c:/st/stm32cubeide_1.8.0/stm32cubeide/plugins/com.st.stm32cube.ide.mcu.externaltools.gnu-tools-for-stm32.9-2020-q2-update.win32_2.0.0.202105311346/tools/bin/../lib/gcc/arm-none-eabi/9.3.1/../../../../arm-none-eabi/lib/thumb/v7e-m+fp/hard\libc_nano.a(lib_a-memcpy-stub.o)
                0x000000000800941c                memcpy
 .text.memmove  0x0000000008009438       0x34 c:/st/stm32cubeide_1.8.0/stm32cubeide/plugins/com.st.stm32cube.ide.mcu.externaltools.gnu-tools-for-stm32.9-2020-q2-update.win32_2.0.0.202105311346/tools/bin/../lib/gcc/arm-none-eabi/9.3.1/../../../../arm-none-eabi/lib/thumb/v7e-m+fp/hard\libc_nano.a(lib_a-memmove.o)
                0x0000000008009438                memmove
 .text._free_r  0x000000000800946c       0xa0 c:/st/stm32cubeide_1.8.0/stm32cubeide/plugins/com.st.stm32cube.ide.mcu.externaltools.gnu-tools-for-stm32.9-2020-q2-update.win32_2.0.0.202105311346/tools/bin/../lib/gcc/arm-none-eabi/9.3.1/../../../../arm-none-eabi/lib/thumb/v7e-m+fp/hard\libc_nano.a(lib_a-nano-freer.o)
                0x000000000800946c                _free_r
 .text._malloc_r
                0x000000000800950c       0xb4 c:/st/stm32cubeide_1.8.0/stm32cubeide/plugins/com.st.stm32cube.ide.mcu.externaltools.gnu-tools-for-stm32.9-2020-q2-update.win32_2.0.0.202105311346/tools/bin/../lib/gcc/arm-none-eabi/9.3.1/../../../../arm-none-eabi/lib/thumb/v7e-m+fp/hard\libc_nano.a(lib_a-nano-mallocr.o)
                0x000000000800950c                _malloc_r
 .text._realloc_r
                0x00000000080095c0       0x4c c:/st/stm32cubeide_1.8.0/stm32cubeide/plugins/com.st.stm32cube.ide.mcu.externaltools.gnu-tools-for-stm32.9-2020-q2-update.win32_2.0.0.202105311346/tools/bin/../lib/gcc/arm-none-eabi/9.3.1/../../../../arm-none-eabi/lib/thumb/v7e-m+fp/hard\libc_nano.a(lib_a-nano-reallocr.o)
                0x00000000080095c0                _realloc_r
 .text._sbrk_r  0x000000000800960c       0x20 c:/st/stm32cubeide_1.8.0/stm32cubeide/plugins/com.st.stm32cube.ide.mcu.externaltools.gnu-tools-for-stm32.9-2020-q2-update.win32_2.0.0.202105311346/tools/bin/../lib/gcc/arm-none-eabi/9.3.1/../../../../arm-none-eabi/lib/thumb/v7e-m+fp/hard\libc_nano.a(lib_a-sbrkr.o)
                0x000000000800960c                _sbrk_r
 .text.__malloc_lock
                0x000000000800962c        0xc c:/st/stm32cubeide_1.8.0/stm32cubeide/plugins/com.st.stm32cube.ide.mcu.externaltools.gnu-tools-for-stm32.9-2020-q2-update.win32_2.0.0.202105311346/tools/bin/../lib/gcc/arm-none-eabi/9.3.1/../../../../arm-none-eabi/lib/thumb/v7e-m+fp/hard\libc_nano.a(lib_a-mlock.o)
                0x000000000800962c                __malloc_lock
 .text.__malloc_unlock
                0x0000000008009638        0xc c:/st/stm32cubeide_1.8.0/stm32cubeide/plugins/com.st.stm32cube.ide.mcu.externaltools.gnu-tools-for-stm32.9-2020-q2-update.win32_2.0.0.202105311346/tools/bin/../lib/gcc/arm-none-eabi/9.3.1/../../../../arm-none-eabi/lib/thumb/v7e-m+fp/hard\libc_nano.a(lib_a-mlock.o)
                0x0000000008009638                __malloc_unlock
 .text._malloc_usable_size_r
                0x0000000008009644       0x10 c:/st/stm32cubeide_1.8.0/stm32cubeide/plugins/com.st.stm32cube.ide.mcu.externaltools.gnu-tools-for-stm32.9-2020-q2-update.win32_2.0.0.202105311346/tools/bin/../lib/gcc/arm-none-eabi/9.3.1/../../../../arm-none-eabi/lib/thumb/v7e-m+fp/hard\libc_nano.a(lib_a-nano-msizer.o)
                0x0000000008009644                _malloc_usable_size_r
 .text.__retarget_lock_acquire_recursive
                0x0000000008009654        0x2 c:/st/stm32cubeide_1.8.0/stm32cubeide/plugins/com.st.stm32cube.ide.mcu.externaltools.gnu-tools-for-stm32.9-2020-q2-update.win32_2.0.0.202105311346/tools/bin/../lib/gcc/arm-none-eabi/9.3.1/../../../../arm-none-eabi/lib/thumb/v7e-m+fp/hard\libc_nano.a(lib_a-lock.o)
                0x0000000008009654                __retarget_lock_acquire_recursive
 .text.__retarget_lock_release_recursive
                0x0000000008009656        0x2 c:/st/stm32cubeide_1.8.0/stm32cubeide/plugins/com.st.stm32cube.ide.mcu.externaltools.gnu-tools-for-stm32.9-2020-q2-update.win32_2.0.0.202105311346/tools/bin/../lib/gcc/arm-none-eabi/9.3.1/../../../../arm-none-eabi/lib/thumb/v7e-m+fp/hard\libc_nano.a(lib_a-lock.o)
                0x0000000008009656                __retarget_lock_release_recursive
 *(.glue_7)
 .glue_7        0x0000000008009658        0x0 linker stubs
 *(.glue_7t)
 .glue_7t       0x0000000008009658        0x0 linker stubs
 *(.eh_frame)
 .eh_frame      0x0000000008009658        0x0 c:/st/stm32cubeide_1.8.0/stm32cubeide/plugins/com.st.stm32cube.ide.mcu.externaltools.gnu-tools-for-stm32.9-2020-q2-update.win32_2.0.0.202105311346/tools/bin/../lib/gcc/arm-none-eabi/9.3.1/thumb/v7e-m+fp/hard/crtbegin.o
 *(.init)
 .init          0x0000000008009658        0x4 c:/st/stm32cubeide_1.8.0/stm32cubeide/plugins/com.st.stm32cube.ide.mcu.externaltools.gnu-tools-for-stm32.9-2020-q2-update.win32_2.0.0.202105311346/tools/bin/../lib/gcc/arm-none-eabi/9.3.1/thumb/v7e-m+fp/hard/crti.o
                0x0000000008009658                _init
 .init          0x000000000800965c        0x8 c:/st/stm32cubeide_1.8.0/stm32cubeide/plugins/com.st.stm32cube.ide.mcu.externaltools.gnu-tools-for-stm32.9-2020-q2-update.win32_2.0.0.202105311346/tools/bin/../lib/gcc/arm-none-eabi/9.3.1/thumb/v7e-m+fp/hard/crtn.o
 *(.fini)
 .fini          0x0000000008009664        0x4 c:/st/stm32cubeide_1.8.0/stm32cubeide/plugins/com.st.stm32cube.ide.mcu.externaltools.gnu-tools-for-stm32.9-2020-q2-update.win32_2.0.0.202105311346/tools/bin/../lib/gcc/arm-none-eabi/9.3.1/thumb/v7e-m+fp/hard/crti.o
                0x0000000008009664                _fini
 .fini          0x0000000008009668        0x8 c:/st/stm32cubeide_1.8.0/stm32cubeide/plugins/com.st.stm32cube.ide.mcu.externaltools.gnu-tools-for-stm32.9-2020-q2-update.win32_2.0.0.202105311346/tools/bin/../lib/gcc/arm-none-eabi/9.3.1/thumb/v7e-m+fp/hard/crtn.o
                0x0000000008009670                . = ALIGN (0x4)
                0x0000000008009670                _etext = .

.vfp11_veneer   0x0000000008009670        0x0
 .vfp11_veneer  0x0000000008009670        0x0 linker stubs

.v4_bx          0x0000000008009670        0x0
 .v4_bx         0x0000000008009670        0x0 linker stubs

.iplt           0x0000000008009670        0x0
 .iplt          0x0000000008009670        0x0 c:/st/stm32cubeide_1.8.0/stm32cubeide/plugins/com.st.stm32cube.ide.mcu.externaltools.gnu-tools-for-stm32.9-2020-q2-update.win32_2.0.0.202105311346/tools/bin/../lib/gcc/arm-none-eabi/9.3.1/thumb/v7e-m+fp/hard/crtbegin.o

.rodata         0x0000000008009670      0x588
                0x0000000008009670                . = ALIGN (0x4)
 *(.rodata)
 .rodata        0x0000000008009670       0x83 ./Core/Src/main.o
 *fill*         0x00000000080096f3        0x1 
 .rodata        0x00000000080096f4       0x48 ./Middlewares/Third_Party/FatFs/src/ff.o
 *(.rodata*)
 .rodata.AHBPrescTable
                0x000000000800973c       0x10 ./Core/Src/system_stm32l4xx.o
                0x000000000800973c                AHBPrescTable
 .rodata.APBPrescTable
                0x000000000800974c        0x8 ./Core/Src/system_stm32l4xx.o
                0x000000000800974c                APBPrescTable
 .rodata.MSIRangeTable
                0x0000000008009754       0x30 ./Core/Src/system_stm32l4xx.o
                0x0000000008009754                MSIRangeTable
 .rodata.ExCvt  0x0000000008009784       0x80 ./Middlewares/Third_Party/FatFs/src/ff.o
 .rodata.LfnOfs
                0x0000000008009804        0xd ./Middlewares/Third_Party/FatFs/src/ff.o
 *fill*         0x0000000008009811        0x3 
 .rodata.Tbl    0x0000000008009814      0x100 ./Middlewares/Third_Party/FatFs/src/option/ccsbcs.o
 .rodata.cvt1.9300
                0x0000000008009914      0x1f2 ./Middlewares/Third_Party/FatFs/src/option/ccsbcs.o
 *fill*         0x0000000008009b06        0x2 
 .rodata.cvt2.9301
                0x0000000008009b08       0xbc ./Middlewares/Third_Party/FatFs/src/option/ccsbcs.o
 .rodata._svfprintf_r.str1.1
                0x0000000008009bc4       0x11 c:/st/stm32cubeide_1.8.0/stm32cubeide/plugins/com.st.stm32cube.ide.mcu.externaltools.gnu-tools-for-stm32.9-2020-q2-update.win32_2.0.0.202105311346/tools/bin/../lib/gcc/arm-none-eabi/9.3.1/../../../../arm-none-eabi/lib/thumb/v7e-m+fp/hard\libc_nano.a(lib_a-nano-svfprintf.o)
 .rodata._printf_i.str1.1
                0x0000000008009bd5       0x22 c:/st/stm32cubeide_1.8.0/stm32cubeide/plugins/com.st.stm32cube.ide.mcu.externaltools.gnu-tools-for-stm32.9-2020-q2-update.win32_2.0.0.202105311346/tools/bin/../lib/gcc/arm-none-eabi/9.3.1/../../../../arm-none-eabi/lib/thumb/v7e-m+fp/hard\libc_nano.a(lib_a-nano-vfprintf_i.o)
                0x0000000008009bf8                . = ALIGN (0x4)
 *fill*         0x0000000008009bf7        0x1 

.ARM.extab      0x0000000008009bf8        0x0
                0x0000000008009bf8                . = ALIGN (0x4)
 *(.ARM.extab* .gnu.linkonce.armextab.*)
                0x0000000008009bf8                . = ALIGN (0x4)

.ARM            0x0000000008009bf8        0x8
                0x0000000008009bf8                . = ALIGN (0x4)
                0x0000000008009bf8                __exidx_start = .
 *(.ARM.exidx*)
 .ARM.exidx     0x0000000008009bf8        0x8 c:/st/stm32cubeide_1.8.0/stm32cubeide/plugins/com.st.stm32cube.ide.mcu.externaltools.gnu-tools-for-stm32.9-2020-q2-update.win32_2.0.0.202105311346/tools/bin/../lib/gcc/arm-none-eabi/9.3.1/thumb/v7e-m+fp/hard\libgcc.a(_udivmoddi4.o)
                0x0000000008009c00                __exidx_end = .
                0x0000000008009c00                . = ALIGN (0x4)

.rel.dyn        0x0000000008009c00        0x0
 .rel.iplt      0x0000000008009c00        0x0 c:/st/stm32cubeide_1.8.0/stm32cubeide/plugins/com.st.stm32cube.ide.mcu.externaltools.gnu-tools-for-stm32.9-2020-q2-update.win32_2.0.0.202105311346/tools/bin/../lib/gcc/arm-none-eabi/9.3.1/thumb/v7e-m+fp/hard/crtbegin.o

.preinit_array  0x0000000008009c00        0x0
                0x0000000008009c00                . = ALIGN (0x4)
                0x0000000008009c00                PROVIDE (__preinit_array_start = .)
 *(.preinit_array*)
                0x0000000008009c00                PROVIDE (__preinit_array_end = .)
                0x0000000008009c00                . = ALIGN (0x4)

.init_array     0x0000000008009c00        0x4
                0x0000000008009c00                . = ALIGN (0x4)
                0x0000000008009c00                PROVIDE (__init_array_start = .)
 *(SORT_BY_NAME(.init_array.*))
 *(.init_array*)
 .init_array    0x0000000008009c00        0x4 c:/st/stm32cubeide_1.8.0/stm32cubeide/plugins/com.st.stm32cube.ide.mcu.externaltools.gnu-tools-for-stm32.9-2020-q2-update.win32_2.0.0.202105311346/tools/bin/../lib/gcc/arm-none-eabi/9.3.1/thumb/v7e-m+fp/hard/crtbegin.o
                0x0000000008009c04                PROVIDE (__init_array_end = .)
                0x0000000008009c04                . = ALIGN (0x4)

.fini_array     0x0000000008009c04        0x4
                0x0000000008009c04                . = ALIGN (0x4)
                [!provide]                        PROVIDE (__fini_array_start = .)
 *(SORT_BY_NAME(.fini_array.*))
 *(.fini_array*)
 .fini_array    0x0000000008009c04        0x4 c:/st/stm32cubeide_1.8.0/stm32cubeide/plugins/com.st.stm32cube.ide.mcu.externaltools.gnu-tools-for-stm32.9-2020-q2-update.win32_2.0.0.202105311346/tools/bin/../lib/gcc/arm-none-eabi/9.3.1/thumb/v7e-m+fp/hard/crtbegin.o
                [!provide]                        PROVIDE (__fini_array_end = .)
                0x0000000008009c08                . = ALIGN (0x4)
                0x0000000008009c08                _sidata = LOADADDR (.data)

.data           0x0000000020000000       0x90 load address 0x0000000008009c08
                0x0000000020000000                . = ALIGN (0x4)
                0x0000000020000000                _sdata = .
 *(.data)
 *(.data*)
 .data.Stat     0x0000000020000000        0x1 ./Core/Src/fatfs_sd.o
 .data.HT221_read
                0x0000000020000001        0x1 ./Core/Src/main.o
                0x0000000020000001                HT221_read
 .data.HT221_write
                0x0000000020000002        0x1 ./Core/Src/main.o
                0x0000000020000002                HT221_write
 .data.tempout_lo
                0x0000000020000003        0x1 ./Core/Src/main.o
                0x0000000020000003                tempout_lo
 .data.tempout_hi
                0x0000000020000004        0x1 ./Core/Src/main.o
                0x0000000020000004                tempout_hi
 .data.data     0x0000000020000005        0x1 ./Core/Src/main.o
                0x0000000020000005                data
 *fill*         0x0000000020000006        0x2 
 .data.sensor_on
                0x0000000020000008        0x2 ./Core/Src/main.o
                0x0000000020000008                sensor_on
 *fill*         0x000000002000000a        0x2 
 .data.SystemCoreClock
                0x000000002000000c        0x4 ./Core/Src/system_stm32l4xx.o
                0x000000002000000c                SystemCoreClock
 .data.uwTickPrio
                0x0000000020000010        0x4 ./Drivers/STM32L4xx_HAL_Driver/Src/stm32l4xx_hal.o
                0x0000000020000010                uwTickPrio
 .data.uwTickFreq
                0x0000000020000014        0x1 ./Drivers/STM32L4xx_HAL_Driver/Src/stm32l4xx_hal.o
                0x0000000020000014                uwTickFreq
 *fill*         0x0000000020000015        0x3 
 .data.USER_Driver
                0x0000000020000018       0x14 ./FATFS/Target/user_diskio.o
                0x0000000020000018                USER_Driver
 .data._impure_ptr
                0x000000002000002c        0x4 c:/st/stm32cubeide_1.8.0/stm32cubeide/plugins/com.st.stm32cube.ide.mcu.externaltools.gnu-tools-for-stm32.9-2020-q2-update.win32_2.0.0.202105311346/tools/bin/../lib/gcc/arm-none-eabi/9.3.1/../../../../arm-none-eabi/lib/thumb/v7e-m+fp/hard\libc_nano.a(lib_a-impure.o)
                0x000000002000002c                _impure_ptr
 .data.impure_data
                0x0000000020000030       0x60 c:/st/stm32cubeide_1.8.0/stm32cubeide/plugins/com.st.stm32cube.ide.mcu.externaltools.gnu-tools-for-stm32.9-2020-q2-update.win32_2.0.0.202105311346/tools/bin/../lib/gcc/arm-none-eabi/9.3.1/../../../../arm-none-eabi/lib/thumb/v7e-m+fp/hard\libc_nano.a(lib_a-impure.o)
 *(.RamFunc)
 *(.RamFunc*)
                0x0000000020000090                . = ALIGN (0x4)
                0x0000000020000090                _edata = .

.igot.plt       0x0000000020000090        0x0 load address 0x0000000008009c98
 .igot.plt      0x0000000020000090        0x0 c:/st/stm32cubeide_1.8.0/stm32cubeide/plugins/com.st.stm32cube.ide.mcu.externaltools.gnu-tools-for-stm32.9-2020-q2-update.win32_2.0.0.202105311346/tools/bin/../lib/gcc/arm-none-eabi/9.3.1/thumb/v7e-m+fp/hard/crtbegin.o
                0x0000000020000090                . = ALIGN (0x4)

.bss            0x0000000020000090     0x4cfc load address 0x0000000008009c98
                0x0000000020000090                _sbss = .
                0x0000000020000090                __bss_start__ = _sbss
 *(.bss)
 .bss           0x0000000020000090       0x1c c:/st/stm32cubeide_1.8.0/stm32cubeide/plugins/com.st.stm32cube.ide.mcu.externaltools.gnu-tools-for-stm32.9-2020-q2-update.win32_2.0.0.202105311346/tools/bin/../lib/gcc/arm-none-eabi/9.3.1/thumb/v7e-m+fp/hard/crtbegin.o
 *(.bss*)
 .bss.CardType  0x00000000200000ac        0x1 ./Core/Src/fatfs_sd.o
 .bss.PowerFlag
                0x00000000200000ad        0x1 ./Core/Src/fatfs_sd.o
 *fill*         0x00000000200000ae        0x2 
 .bss.__sbrk_heap_end
                0x00000000200000b0        0x4 ./Core/Src/sysmem.o
 .bss.FatFs     0x00000000200000b4        0x4 ./Middlewares/Third_Party/FatFs/src/ff.o
 .bss.Fsid      0x00000000200000b8        0x2 ./Middlewares/Third_Party/FatFs/src/ff.o
 *fill*         0x00000000200000ba        0x2 
 .bss.Files     0x00000000200000bc       0x20 ./Middlewares/Third_Party/FatFs/src/ff.o
 .bss.LfnBuf    0x00000000200000dc      0x200 ./Middlewares/Third_Party/FatFs/src/ff.o
 .bss.disk      0x00000000200002dc        0xc ./Middlewares/Third_Party/FatFs/src/ff_gen_drv.o
                0x00000000200002dc                disk
 .bss.__malloc_free_list
                0x00000000200002e8        0x4 c:/st/stm32cubeide_1.8.0/stm32cubeide/plugins/com.st.stm32cube.ide.mcu.externaltools.gnu-tools-for-stm32.9-2020-q2-update.win32_2.0.0.202105311346/tools/bin/../lib/gcc/arm-none-eabi/9.3.1/../../../../arm-none-eabi/lib/thumb/v7e-m+fp/hard\libc_nano.a(lib_a-nano-mallocr.o)
                0x00000000200002e8                __malloc_free_list
 .bss.__malloc_sbrk_start
                0x00000000200002ec        0x4 c:/st/stm32cubeide_1.8.0/stm32cubeide/plugins/com.st.stm32cube.ide.mcu.externaltools.gnu-tools-for-stm32.9-2020-q2-update.win32_2.0.0.202105311346/tools/bin/../lib/gcc/arm-none-eabi/9.3.1/../../../../arm-none-eabi/lib/thumb/v7e-m+fp/hard\libc_nano.a(lib_a-nano-mallocr.o)
                0x00000000200002ec                __malloc_sbrk_start
 *(COMMON)
 COMMON         0x00000000200002f0     0x2a14 ./Core/Src/main.o
                0x00000000200002f0                fre_clust
                0x00000000200002f4                fs
                0x000000002000132c                hi2c1
                0x0000000020001380                msg
                0x00000000200013e4                br
                0x00000000200013e8                temp
                0x00000000200013ea                temp_hi
                0x00000000200013ec                free_space
                0x00000000200013f0                buffer
                0x0000000020001bd8                bw
                0x0000000020001bdc                pfs
                0x0000000020001be0                fresult
                0x0000000020001be4                hspi1
                0x0000000020001c48                huart2
                0x0000000020001ccc                total
                0x0000000020001cd0                temp_lo
                0x0000000020001cd4                fil
 COMMON         0x0000000020002d04        0x2 ./Core/Src/stm32l4xx_it.o
                0x0000000020002d04                Timer2
                0x0000000020002d05                Timer1
 *fill*         0x0000000020002d06        0x2 
 COMMON         0x0000000020002d08        0x4 ./Drivers/STM32L4xx_HAL_Driver/Src/stm32l4xx_hal.o
                0x0000000020002d08                uwTick
 COMMON         0x0000000020002d0c     0x2070 ./FATFS/App/fatfs.o
                0x0000000020002d0c                USERPath
                0x0000000020002d10                retUSER
                0x0000000020002d14                USERFile
                0x0000000020003d44                USERFatFS
 COMMON         0x0000000020004d7c        0x4 c:/st/stm32cubeide_1.8.0/stm32cubeide/plugins/com.st.stm32cube.ide.mcu.externaltools.gnu-tools-for-stm32.9-2020-q2-update.win32_2.0.0.202105311346/tools/bin/../lib/gcc/arm-none-eabi/9.3.1/../../../../arm-none-eabi/lib/thumb/v7e-m+fp/hard\libc_nano.a(lib_a-reent.o)
                0x0000000020004d7c                errno
 COMMON         0x0000000020004d80        0x9 c:/st/stm32cubeide_1.8.0/stm32cubeide/plugins/com.st.stm32cube.ide.mcu.externaltools.gnu-tools-for-stm32.9-2020-q2-update.win32_2.0.0.202105311346/tools/bin/../lib/gcc/arm-none-eabi/9.3.1/../../../../arm-none-eabi/lib/thumb/v7e-m+fp/hard\libc_nano.a(lib_a-lock.o)
                0x0000000020004d80                __lock___atexit_recursive_mutex
                0x0000000020004d81                __lock___arc4random_mutex
                0x0000000020004d82                __lock___env_recursive_mutex
                0x0000000020004d83                __lock___sinit_recursive_mutex
                0x0000000020004d84                __lock___malloc_recursive_mutex
                0x0000000020004d85                __lock___at_quick_exit_mutex
                0x0000000020004d86                __lock___dd_hash_mutex
                0x0000000020004d87                __lock___tz_mutex
                0x0000000020004d88                __lock___sfp_recursive_mutex
                0x0000000020004d8c                . = ALIGN (0x4)
 *fill*         0x0000000020004d89        0x3 
                0x0000000020004d8c                _ebss = .
                0x0000000020004d8c                __bss_end__ = _ebss

._user_heap_stack
                0x0000000020004d8c      0x604 load address 0x0000000008009c98
                0x0000000020004d90                . = ALIGN (0x8)
 *fill*         0x0000000020004d8c        0x4 
                [!provide]                        PROVIDE (end = .)
                0x0000000020004d90                PROVIDE (_end = .)
                0x0000000020004f90                . = (. + _Min_Heap_Size)
 *fill*         0x0000000020004d90      0x200 
                0x0000000020005390                . = (. + _Min_Stack_Size)
 *fill*         0x0000000020004f90      0x400 
                0x0000000020005390                . = ALIGN (0x8)

/DISCARD/
 libc.a(*)
 libm.a(*)
 libgcc.a(*)

.ARM.attributes
                0x0000000000000000       0x30
 *(.ARM.attributes)
 .ARM.attributes
                0x0000000000000000       0x1e c:/st/stm32cubeide_1.8.0/stm32cubeide/plugins/com.st.stm32cube.ide.mcu.externaltools.gnu-tools-for-stm32.9-2020-q2-update.win32_2.0.0.202105311346/tools/bin/../lib/gcc/arm-none-eabi/9.3.1/thumb/v7e-m+fp/hard/crti.o
 .ARM.attributes
                0x000000000000001e       0x34 c:/st/stm32cubeide_1.8.0/stm32cubeide/plugins/com.st.stm32cube.ide.mcu.externaltools.gnu-tools-for-stm32.9-2020-q2-update.win32_2.0.0.202105311346/tools/bin/../lib/gcc/arm-none-eabi/9.3.1/thumb/v7e-m+fp/hard/crtbegin.o
 .ARM.attributes
                0x0000000000000052       0x34 ./Core/Src/fatfs_sd.o
 .ARM.attributes
                0x0000000000000086       0x34 ./Core/Src/main.o
 .ARM.attributes
                0x00000000000000ba       0x34 ./Core/Src/stm32l4xx_hal_msp.o
 .ARM.attributes
                0x00000000000000ee       0x34 ./Core/Src/stm32l4xx_it.o
 .ARM.attributes
                0x0000000000000122       0x34 ./Core/Src/sysmem.o
 .ARM.attributes
                0x0000000000000156       0x34 ./Core/Src/system_stm32l4xx.o
 .ARM.attributes
                0x000000000000018a       0x21 ./Core/Startup/startup_stm32l476rgtx.o
 .ARM.attributes
                0x00000000000001ab       0x34 ./Drivers/STM32L4xx_HAL_Driver/Src/stm32l4xx_hal.o
 .ARM.attributes
                0x00000000000001df       0x34 ./Drivers/STM32L4xx_HAL_Driver/Src/stm32l4xx_hal_cortex.o
 .ARM.attributes
                0x0000000000000213       0x34 ./Drivers/STM32L4xx_HAL_Driver/Src/stm32l4xx_hal_gpio.o
 .ARM.attributes
                0x0000000000000247       0x34 ./Drivers/STM32L4xx_HAL_Driver/Src/stm32l4xx_hal_i2c.o
 .ARM.attributes
                0x000000000000027b       0x34 ./Drivers/STM32L4xx_HAL_Driver/Src/stm32l4xx_hal_i2c_ex.o
 .ARM.attributes
                0x00000000000002af       0x34 ./Drivers/STM32L4xx_HAL_Driver/Src/stm32l4xx_hal_pwr_ex.o
 .ARM.attributes
                0x00000000000002e3       0x34 ./Drivers/STM32L4xx_HAL_Driver/Src/stm32l4xx_hal_rcc.o
 .ARM.attributes
                0x0000000000000317       0x34 ./Drivers/STM32L4xx_HAL_Driver/Src/stm32l4xx_hal_rcc_ex.o
 .ARM.attributes
                0x000000000000034b       0x34 ./Drivers/STM32L4xx_HAL_Driver/Src/stm32l4xx_hal_spi.o
 .ARM.attributes
                0x000000000000037f       0x34 ./Drivers/STM32L4xx_HAL_Driver/Src/stm32l4xx_hal_uart.o
 .ARM.attributes
                0x00000000000003b3       0x34 ./FATFS/App/fatfs.o
 .ARM.attributes
                0x00000000000003e7       0x34 ./FATFS/Target/user_diskio.o
 .ARM.attributes
                0x000000000000041b       0x34 ./Middlewares/Third_Party/FatFs/src/diskio.o
 .ARM.attributes
                0x000000000000044f       0x34 ./Middlewares/Third_Party/FatFs/src/ff.o
 .ARM.attributes
                0x0000000000000483       0x34 ./Middlewares/Third_Party/FatFs/src/ff_gen_drv.o
 .ARM.attributes
                0x00000000000004b7       0x34 ./Middlewares/Third_Party/FatFs/src/option/ccsbcs.o
 .ARM.attributes
                0x00000000000004eb       0x34 c:/st/stm32cubeide_1.8.0/stm32cubeide/plugins/com.st.stm32cube.ide.mcu.externaltools.gnu-tools-for-stm32.9-2020-q2-update.win32_2.0.0.202105311346/tools/bin/../lib/gcc/arm-none-eabi/9.3.1/../../../../arm-none-eabi/lib/thumb/v7e-m+fp/hard\libc_nano.a(lib_a-errno.o)
 .ARM.attributes
                0x000000000000051f       0x32 c:/st/stm32cubeide_1.8.0/stm32cubeide/plugins/com.st.stm32cube.ide.mcu.externaltools.gnu-tools-for-stm32.9-2020-q2-update.win32_2.0.0.202105311346/tools/bin/../lib/gcc/arm-none-eabi/9.3.1/../../../../arm-none-eabi/lib/thumb/v7e-m+fp/hard\libc_nano.a(lib_a-impure.o)
 .ARM.attributes
                0x0000000000000551       0x34 c:/st/stm32cubeide_1.8.0/stm32cubeide/plugins/com.st.stm32cube.ide.mcu.externaltools.gnu-tools-for-stm32.9-2020-q2-update.win32_2.0.0.202105311346/tools/bin/../lib/gcc/arm-none-eabi/9.3.1/../../../../arm-none-eabi/lib/thumb/v7e-m+fp/hard\libc_nano.a(lib_a-init.o)
 .ARM.attributes
                0x0000000000000585       0x34 c:/st/stm32cubeide_1.8.0/stm32cubeide/plugins/com.st.stm32cube.ide.mcu.externaltools.gnu-tools-for-stm32.9-2020-q2-update.win32_2.0.0.202105311346/tools/bin/../lib/gcc/arm-none-eabi/9.3.1/../../../../arm-none-eabi/lib/thumb/v7e-m+fp/hard\libc_nano.a(lib_a-memset.o)
 .ARM.attributes
                0x00000000000005b9       0x34 c:/st/stm32cubeide_1.8.0/stm32cubeide/plugins/com.st.stm32cube.ide.mcu.externaltools.gnu-tools-for-stm32.9-2020-q2-update.win32_2.0.0.202105311346/tools/bin/../lib/gcc/arm-none-eabi/9.3.1/../../../../arm-none-eabi/lib/thumb/v7e-m+fp/hard\libc_nano.a(lib_a-sprintf.o)
 .ARM.attributes
                0x00000000000005ed       0x17 c:/st/stm32cubeide_1.8.0/stm32cubeide/plugins/com.st.stm32cube.ide.mcu.externaltools.gnu-tools-for-stm32.9-2020-q2-update.win32_2.0.0.202105311346/tools/bin/../lib/gcc/arm-none-eabi/9.3.1/../../../../arm-none-eabi/lib/thumb/v7e-m+fp/hard\libc_nano.a(lib_a-strlen.o)
 .ARM.attributes
                0x0000000000000604       0x34 c:/st/stm32cubeide_1.8.0/stm32cubeide/plugins/com.st.stm32cube.ide.mcu.externaltools.gnu-tools-for-stm32.9-2020-q2-update.win32_2.0.0.202105311346/tools/bin/../lib/gcc/arm-none-eabi/9.3.1/../../../../arm-none-eabi/lib/thumb/v7e-m+fp/hard\libc_nano.a(lib_a-nano-svfprintf.o)
 .ARM.attributes
                0x0000000000000638       0x34 c:/st/stm32cubeide_1.8.0/stm32cubeide/plugins/com.st.stm32cube.ide.mcu.externaltools.gnu-tools-for-stm32.9-2020-q2-update.win32_2.0.0.202105311346/tools/bin/../lib/gcc/arm-none-eabi/9.3.1/../../../../arm-none-eabi/lib/thumb/v7e-m+fp/hard\libc_nano.a(lib_a-nano-vfprintf_i.o)
 .ARM.attributes
                0x000000000000066c       0x1c c:/st/stm32cubeide_1.8.0/stm32cubeide/plugins/com.st.stm32cube.ide.mcu.externaltools.gnu-tools-for-stm32.9-2020-q2-update.win32_2.0.0.202105311346/tools/bin/../lib/gcc/arm-none-eabi/9.3.1/../../../../arm-none-eabi/lib/thumb/v7e-m+fp/hard\libc_nano.a(lib_a-memchr.o)
 .ARM.attributes
                0x0000000000000688       0x34 c:/st/stm32cubeide_1.8.0/stm32cubeide/plugins/com.st.stm32cube.ide.mcu.externaltools.gnu-tools-for-stm32.9-2020-q2-update.win32_2.0.0.202105311346/tools/bin/../lib/gcc/arm-none-eabi/9.3.1/../../../../arm-none-eabi/lib/thumb/v7e-m+fp/hard\libc_nano.a(lib_a-memcpy-stub.o)
 .ARM.attributes
                0x00000000000006bc       0x34 c:/st/stm32cubeide_1.8.0/stm32cubeide/plugins/com.st.stm32cube.ide.mcu.externaltools.gnu-tools-for-stm32.9-2020-q2-update.win32_2.0.0.202105311346/tools/bin/../lib/gcc/arm-none-eabi/9.3.1/../../../../arm-none-eabi/lib/thumb/v7e-m+fp/hard\libc_nano.a(lib_a-memmove.o)
 .ARM.attributes
                0x00000000000006f0       0x34 c:/st/stm32cubeide_1.8.0/stm32cubeide/plugins/com.st.stm32cube.ide.mcu.externaltools.gnu-tools-for-stm32.9-2020-q2-update.win32_2.0.0.202105311346/tools/bin/../lib/gcc/arm-none-eabi/9.3.1/../../../../arm-none-eabi/lib/thumb/v7e-m+fp/hard\libc_nano.a(lib_a-nano-freer.o)
 .ARM.attributes
                0x0000000000000724       0x34 c:/st/stm32cubeide_1.8.0/stm32cubeide/plugins/com.st.stm32cube.ide.mcu.externaltools.gnu-tools-for-stm32.9-2020-q2-update.win32_2.0.0.202105311346/tools/bin/../lib/gcc/arm-none-eabi/9.3.1/../../../../arm-none-eabi/lib/thumb/v7e-m+fp/hard\libc_nano.a(lib_a-nano-mallocr.o)
 .ARM.attributes
                0x0000000000000758       0x34 c:/st/stm32cubeide_1.8.0/stm32cubeide/plugins/com.st.stm32cube.ide.mcu.externaltools.gnu-tools-for-stm32.9-2020-q2-update.win32_2.0.0.202105311346/tools/bin/../lib/gcc/arm-none-eabi/9.3.1/../../../../arm-none-eabi/lib/thumb/v7e-m+fp/hard\libc_nano.a(lib_a-nano-reallocr.o)
 .ARM.attributes
                0x000000000000078c       0x34 c:/st/stm32cubeide_1.8.0/stm32cubeide/plugins/com.st.stm32cube.ide.mcu.externaltools.gnu-tools-for-stm32.9-2020-q2-update.win32_2.0.0.202105311346/tools/bin/../lib/gcc/arm-none-eabi/9.3.1/../../../../arm-none-eabi/lib/thumb/v7e-m+fp/hard\libc_nano.a(lib_a-sbrkr.o)
 .ARM.attributes
                0x00000000000007c0       0x34 c:/st/stm32cubeide_1.8.0/stm32cubeide/plugins/com.st.stm32cube.ide.mcu.externaltools.gnu-tools-for-stm32.9-2020-q2-update.win32_2.0.0.202105311346/tools/bin/../lib/gcc/arm-none-eabi/9.3.1/../../../../arm-none-eabi/lib/thumb/v7e-m+fp/hard\libc_nano.a(lib_a-mlock.o)
 .ARM.attributes
                0x00000000000007f4       0x34 c:/st/stm32cubeide_1.8.0/stm32cubeide/plugins/com.st.stm32cube.ide.mcu.externaltools.gnu-tools-for-stm32.9-2020-q2-update.win32_2.0.0.202105311346/tools/bin/../lib/gcc/arm-none-eabi/9.3.1/../../../../arm-none-eabi/lib/thumb/v7e-m+fp/hard\libc_nano.a(lib_a-nano-msizer.o)
 .ARM.attributes
                0x0000000000000828       0x34 c:/st/stm32cubeide_1.8.0/stm32cubeide/plugins/com.st.stm32cube.ide.mcu.externaltools.gnu-tools-for-stm32.9-2020-q2-update.win32_2.0.0.202105311346/tools/bin/../lib/gcc/arm-none-eabi/9.3.1/../../../../arm-none-eabi/lib/thumb/v7e-m+fp/hard\libc_nano.a(lib_a-reent.o)
 .ARM.attributes
                0x000000000000085c       0x34 c:/st/stm32cubeide_1.8.0/stm32cubeide/plugins/com.st.stm32cube.ide.mcu.externaltools.gnu-tools-for-stm32.9-2020-q2-update.win32_2.0.0.202105311346/tools/bin/../lib/gcc/arm-none-eabi/9.3.1/../../../../arm-none-eabi/lib/thumb/v7e-m+fp/hard\libc_nano.a(lib_a-lock.o)
 .ARM.attributes
                0x0000000000000890       0x1e c:/st/stm32cubeide_1.8.0/stm32cubeide/plugins/com.st.stm32cube.ide.mcu.externaltools.gnu-tools-for-stm32.9-2020-q2-update.win32_2.0.0.202105311346/tools/bin/../lib/gcc/arm-none-eabi/9.3.1/thumb/v7e-m+fp/hard\libgcc.a(_aeabi_uldivmod.o)
 .ARM.attributes
                0x00000000000008ae       0x34 c:/st/stm32cubeide_1.8.0/stm32cubeide/plugins/com.st.stm32cube.ide.mcu.externaltools.gnu-tools-for-stm32.9-2020-q2-update.win32_2.0.0.202105311346/tools/bin/../lib/gcc/arm-none-eabi/9.3.1/thumb/v7e-m+fp/hard\libgcc.a(_udivmoddi4.o)
 .ARM.attributes
                0x00000000000008e2       0x1e c:/st/stm32cubeide_1.8.0/stm32cubeide/plugins/com.st.stm32cube.ide.mcu.externaltools.gnu-tools-for-stm32.9-2020-q2-update.win32_2.0.0.202105311346/tools/bin/../lib/gcc/arm-none-eabi/9.3.1/thumb/v7e-m+fp/hard\libgcc.a(_dvmd_tls.o)
 .ARM.attributes
                0x0000000000000900       0x1e c:/st/stm32cubeide_1.8.0/stm32cubeide/plugins/com.st.stm32cube.ide.mcu.externaltools.gnu-tools-for-stm32.9-2020-q2-update.win32_2.0.0.202105311346/tools/bin/../lib/gcc/arm-none-eabi/9.3.1/thumb/v7e-m+fp/hard/crtn.o
OUTPUT(Z_Z.elf elf32-littlearm)
LOAD linker stubs
LOAD c:/st/stm32cubeide_1.8.0/stm32cubeide/plugins/com.st.stm32cube.ide.mcu.externaltools.gnu-tools-for-stm32.9-2020-q2-update.win32_2.0.0.202105311346/tools/bin/../lib/gcc/arm-none-eabi/9.3.1/../../../../arm-none-eabi/lib/thumb/v7e-m+fp/hard\libc.a
LOAD c:/st/stm32cubeide_1.8.0/stm32cubeide/plugins/com.st.stm32cube.ide.mcu.externaltools.gnu-tools-for-stm32.9-2020-q2-update.win32_2.0.0.202105311346/tools/bin/../lib/gcc/arm-none-eabi/9.3.1/../../../../arm-none-eabi/lib/thumb/v7e-m+fp/hard\libm.a
LOAD c:/st/stm32cubeide_1.8.0/stm32cubeide/plugins/com.st.stm32cube.ide.mcu.externaltools.gnu-tools-for-stm32.9-2020-q2-update.win32_2.0.0.202105311346/tools/bin/../lib/gcc/arm-none-eabi/9.3.1/thumb/v7e-m+fp/hard\libgcc.a

.debug_info     0x0000000000000000    0x1b296
 .debug_info    0x0000000000000000      0xdea ./Core/Src/fatfs_sd.o
 .debug_info    0x0000000000000dea     0x2421 ./Core/Src/main.o
 .debug_info    0x000000000000320b     0x15ac ./Core/Src/stm32l4xx_hal_msp.o
 .debug_info    0x00000000000047b7      0x3c0 ./Core/Src/stm32l4xx_it.o
 .debug_info    0x0000000000004b77      0xa25 ./Core/Src/sysmem.o
 .debug_info    0x000000000000559c      0x772 ./Core/Src/system_stm32l4xx.o
 .debug_info    0x0000000000005d0e       0x22 ./Core/Startup/startup_stm32l476rgtx.o
 .debug_info    0x0000000000005d30      0xddb ./Drivers/STM32L4xx_HAL_Driver/Src/stm32l4xx_hal.o
 .debug_info    0x0000000000006b0b     0x102e ./Drivers/STM32L4xx_HAL_Driver/Src/stm32l4xx_hal_cortex.o
 .debug_info    0x0000000000007b39      0xa5e ./Drivers/STM32L4xx_HAL_Driver/Src/stm32l4xx_hal_gpio.o
 .debug_info    0x0000000000008597     0x23cf ./Drivers/STM32L4xx_HAL_Driver/Src/stm32l4xx_hal_i2c.o
 .debug_info    0x000000000000a966      0xc43 ./Drivers/STM32L4xx_HAL_Driver/Src/stm32l4xx_hal_i2c_ex.o
 .debug_info    0x000000000000b5a9      0xc00 ./Drivers/STM32L4xx_HAL_Driver/Src/stm32l4xx_hal_pwr_ex.o
 .debug_info    0x000000000000c1a9      0xe37 ./Drivers/STM32L4xx_HAL_Driver/Src/stm32l4xx_hal_rcc.o
 .debug_info    0x000000000000cfe0     0x103f ./Drivers/STM32L4xx_HAL_Driver/Src/stm32l4xx_hal_rcc_ex.o
 .debug_info    0x000000000000e01f     0x1913 ./Drivers/STM32L4xx_HAL_Driver/Src/stm32l4xx_hal_spi.o
 .debug_info    0x000000000000f932     0x3e56 ./Drivers/STM32L4xx_HAL_Driver/Src/stm32l4xx_hal_uart.o
 .debug_info    0x0000000000013788      0xfe1 ./FATFS/App/fatfs.o
 .debug_info    0x0000000000014769      0xe81 ./FATFS/Target/user_diskio.o
 .debug_info    0x00000000000155ea      0xef9 ./Middlewares/Third_Party/FatFs/src/diskio.o
 .debug_info    0x00000000000164e3     0x3262 ./Middlewares/Third_Party/FatFs/src/ff.o
 .debug_info    0x0000000000019745      0xe8a ./Middlewares/Third_Party/FatFs/src/ff_gen_drv.o
 .debug_info    0x000000000001a5cf      0xcc7 ./Middlewares/Third_Party/FatFs/src/option/ccsbcs.o

.debug_abbrev   0x0000000000000000     0x3156
 .debug_abbrev  0x0000000000000000      0x2ab ./Core/Src/fatfs_sd.o
 .debug_abbrev  0x00000000000002ab      0x35e ./Core/Src/main.o
 .debug_abbrev  0x0000000000000609      0x1e4 ./Core/Src/stm32l4xx_hal_msp.o
 .debug_abbrev  0x00000000000007ed      0x105 ./Core/Src/stm32l4xx_it.o
 .debug_abbrev  0x00000000000008f2      0x1bf ./Core/Src/sysmem.o
 .debug_abbrev  0x0000000000000ab1      0x165 ./Core/Src/system_stm32l4xx.o
 .debug_abbrev  0x0000000000000c16       0x12 ./Core/Startup/startup_stm32l476rgtx.o
 .debug_abbrev  0x0000000000000c28      0x227 ./Drivers/STM32L4xx_HAL_Driver/Src/stm32l4xx_hal.o
 .debug_abbrev  0x0000000000000e4f      0x33c ./Drivers/STM32L4xx_HAL_Driver/Src/stm32l4xx_hal_cortex.o
 .debug_abbrev  0x000000000000118b      0x1e8 ./Drivers/STM32L4xx_HAL_Driver/Src/stm32l4xx_hal_gpio.o
 .debug_abbrev  0x0000000000001373      0x256 ./Drivers/STM32L4xx_HAL_Driver/Src/stm32l4xx_hal_i2c.o
 .debug_abbrev  0x00000000000015c9      0x1dd ./Drivers/STM32L4xx_HAL_Driver/Src/stm32l4xx_hal_i2c_ex.o
 .debug_abbrev  0x00000000000017a6      0x1f3 ./Drivers/STM32L4xx_HAL_Driver/Src/stm32l4xx_hal_pwr_ex.o
 .debug_abbrev  0x0000000000001999      0x275 ./Drivers/STM32L4xx_HAL_Driver/Src/stm32l4xx_hal_rcc.o
 .debug_abbrev  0x0000000000001c0e      0x268 ./Drivers/STM32L4xx_HAL_Driver/Src/stm32l4xx_hal_rcc_ex.o
 .debug_abbrev  0x0000000000001e76      0x254 ./Drivers/STM32L4xx_HAL_Driver/Src/stm32l4xx_hal_spi.o
 .debug_abbrev  0x00000000000020ca      0x2b3 ./Drivers/STM32L4xx_HAL_Driver/Src/stm32l4xx_hal_uart.o
 .debug_abbrev  0x000000000000237d      0x209 ./FATFS/App/fatfs.o
 .debug_abbrev  0x0000000000002586      0x235 ./FATFS/Target/user_diskio.o
 .debug_abbrev  0x00000000000027bb      0x237 ./Middlewares/Third_Party/FatFs/src/diskio.o
 .debug_abbrev  0x00000000000029f2      0x2e1 ./Middlewares/Third_Party/FatFs/src/ff.o
 .debug_abbrev  0x0000000000002cd3      0x268 ./Middlewares/Third_Party/FatFs/src/ff_gen_drv.o
 .debug_abbrev  0x0000000000002f3b      0x21b ./Middlewares/Third_Party/FatFs/src/option/ccsbcs.o

.debug_aranges  0x0000000000000000     0x11b8
 .debug_aranges
                0x0000000000000000       0xa8 ./Core/Src/fatfs_sd.o
 .debug_aranges
                0x00000000000000a8       0x68 ./Core/Src/main.o
 .debug_aranges
                0x0000000000000110       0x50 ./Core/Src/stm32l4xx_hal_msp.o
 .debug_aranges
                0x0000000000000160       0x68 ./Core/Src/stm32l4xx_it.o
 .debug_aranges
                0x00000000000001c8       0x20 ./Core/Src/sysmem.o
 .debug_aranges
                0x00000000000001e8       0x28 ./Core/Src/system_stm32l4xx.o
 .debug_aranges
                0x0000000000000210       0x28 ./Core/Startup/startup_stm32l476rgtx.o
 .debug_aranges
                0x0000000000000238      0x130 ./Drivers/STM32L4xx_HAL_Driver/Src/stm32l4xx_hal.o
 .debug_aranges
                0x0000000000000368      0x118 ./Drivers/STM32L4xx_HAL_Driver/Src/stm32l4xx_hal_cortex.o
 .debug_aranges
                0x0000000000000480       0x58 ./Drivers/STM32L4xx_HAL_Driver/Src/stm32l4xx_hal_gpio.o
 .debug_aranges
                0x00000000000004d8      0x2a0 ./Drivers/STM32L4xx_HAL_Driver/Src/stm32l4xx_hal_i2c.o
 .debug_aranges
                0x0000000000000778       0x48 ./Drivers/STM32L4xx_HAL_Driver/Src/stm32l4xx_hal_i2c_ex.o
 .debug_aranges
                0x00000000000007c0      0x160 ./Drivers/STM32L4xx_HAL_Driver/Src/stm32l4xx_hal_pwr_ex.o
 .debug_aranges
                0x0000000000000920       0x90 ./Drivers/STM32L4xx_HAL_Driver/Src/stm32l4xx_hal_rcc.o
 .debug_aranges
                0x00000000000009b0       0xc0 ./Drivers/STM32L4xx_HAL_Driver/Src/stm32l4xx_hal_rcc_ex.o
 .debug_aranges
                0x0000000000000a70      0x1d8 ./Drivers/STM32L4xx_HAL_Driver/Src/stm32l4xx_hal_spi.o
 .debug_aranges
                0x0000000000000c48      0x228 ./Drivers/STM32L4xx_HAL_Driver/Src/stm32l4xx_hal_uart.o
 .debug_aranges
                0x0000000000000e70       0x28 ./FATFS/App/fatfs.o
 .debug_aranges
                0x0000000000000e98       0x40 ./FATFS/Target/user_diskio.o
 .debug_aranges
                0x0000000000000ed8       0x48 ./Middlewares/Third_Party/FatFs/src/diskio.o
 .debug_aranges
                0x0000000000000f20      0x230 ./Middlewares/Third_Party/FatFs/src/ff.o
 .debug_aranges
                0x0000000000001150       0x40 ./Middlewares/Third_Party/FatFs/src/ff_gen_drv.o
 .debug_aranges
                0x0000000000001190       0x28 ./Middlewares/Third_Party/FatFs/src/option/ccsbcs.o

.debug_ranges   0x0000000000000000     0x1080
 .debug_ranges  0x0000000000000000       0x98 ./Core/Src/fatfs_sd.o
 .debug_ranges  0x0000000000000098       0x58 ./Core/Src/main.o
 .debug_ranges  0x00000000000000f0       0x40 ./Core/Src/stm32l4xx_hal_msp.o
 .debug_ranges  0x0000000000000130       0x58 ./Core/Src/stm32l4xx_it.o
 .debug_ranges  0x0000000000000188       0x10 ./Core/Src/sysmem.o
 .debug_ranges  0x0000000000000198       0x18 ./Core/Src/system_stm32l4xx.o
 .debug_ranges  0x00000000000001b0       0x20 ./Core/Startup/startup_stm32l476rgtx.o
 .debug_ranges  0x00000000000001d0      0x120 ./Drivers/STM32L4xx_HAL_Driver/Src/stm32l4xx_hal.o
 .debug_ranges  0x00000000000002f0      0x108 ./Drivers/STM32L4xx_HAL_Driver/Src/stm32l4xx_hal_cortex.o
 .debug_ranges  0x00000000000003f8       0x48 ./Drivers/STM32L4xx_HAL_Driver/Src/stm32l4xx_hal_gpio.o
 .debug_ranges  0x0000000000000440      0x290 ./Drivers/STM32L4xx_HAL_Driver/Src/stm32l4xx_hal_i2c.o
 .debug_ranges  0x00000000000006d0       0x38 ./Drivers/STM32L4xx_HAL_Driver/Src/stm32l4xx_hal_i2c_ex.o
 .debug_ranges  0x0000000000000708      0x150 ./Drivers/STM32L4xx_HAL_Driver/Src/stm32l4xx_hal_pwr_ex.o
 .debug_ranges  0x0000000000000858       0x80 ./Drivers/STM32L4xx_HAL_Driver/Src/stm32l4xx_hal_rcc.o
 .debug_ranges  0x00000000000008d8       0xb0 ./Drivers/STM32L4xx_HAL_Driver/Src/stm32l4xx_hal_rcc_ex.o
 .debug_ranges  0x0000000000000988      0x1c8 ./Drivers/STM32L4xx_HAL_Driver/Src/stm32l4xx_hal_spi.o
 .debug_ranges  0x0000000000000b50      0x248 ./Drivers/STM32L4xx_HAL_Driver/Src/stm32l4xx_hal_uart.o
 .debug_ranges  0x0000000000000d98       0x18 ./FATFS/App/fatfs.o
 .debug_ranges  0x0000000000000db0       0x30 ./FATFS/Target/user_diskio.o
 .debug_ranges  0x0000000000000de0       0x38 ./Middlewares/Third_Party/FatFs/src/diskio.o
 .debug_ranges  0x0000000000000e18      0x220 ./Middlewares/Third_Party/FatFs/src/ff.o
 .debug_ranges  0x0000000000001038       0x30 ./Middlewares/Third_Party/FatFs/src/ff_gen_drv.o
 .debug_ranges  0x0000000000001068       0x18 ./Middlewares/Third_Party/FatFs/src/option/ccsbcs.o

.debug_macro    0x0000000000000000    0x28504
 .debug_macro   0x0000000000000000      0x21f ./Core/Src/fatfs_sd.o
 .debug_macro   0x000000000000021f      0xaa8 ./Core/Src/fatfs_sd.o
 .debug_macro   0x0000000000000cc7      0x1ad ./Core/Src/fatfs_sd.o
 .debug_macro   0x0000000000000e74       0x2e ./Core/Src/fatfs_sd.o
 .debug_macro   0x0000000000000ea2       0x28 ./Core/Src/fatfs_sd.o
 .debug_macro   0x0000000000000eca       0x22 ./Core/Src/fatfs_sd.o
 .debug_macro   0x0000000000000eec       0x8e ./Core/Src/fatfs_sd.o
 .debug_macro   0x0000000000000f7a       0x51 ./Core/Src/fatfs_sd.o
 .debug_macro   0x0000000000000fcb      0x103 ./Core/Src/fatfs_sd.o
 .debug_macro   0x00000000000010ce       0x6a ./Core/Src/fatfs_sd.o
 .debug_macro   0x0000000000001138      0x1df ./Core/Src/fatfs_sd.o
 .debug_macro   0x0000000000001317       0x1c ./Core/Src/fatfs_sd.o
 .debug_macro   0x0000000000001333       0x22 ./Core/Src/fatfs_sd.o
 .debug_macro   0x0000000000001355      0x101 ./Core/Src/fatfs_sd.o
 .debug_macro   0x0000000000001456     0x1011 ./Core/Src/fatfs_sd.o
 .debug_macro   0x0000000000002467      0x11f ./Core/Src/fatfs_sd.o
 .debug_macro   0x0000000000002586    0x1a17a ./Core/Src/fatfs_sd.o
 .debug_macro   0x000000000001c700       0x6d ./Core/Src/fatfs_sd.o
 .debug_macro   0x000000000001c76d     0x38e6 ./Core/Src/fatfs_sd.o
 .debug_macro   0x0000000000020053      0x174 ./Core/Src/fatfs_sd.o
 .debug_macro   0x00000000000201c7       0x5c ./Core/Src/fatfs_sd.o
 .debug_macro   0x0000000000020223     0x159e ./Core/Src/fatfs_sd.o
 .debug_macro   0x00000000000217c1      0x5a5 ./Core/Src/fatfs_sd.o
 .debug_macro   0x0000000000021d66      0x1b9 ./Core/Src/fatfs_sd.o
 .debug_macro   0x0000000000021f1f      0x18b ./Core/Src/fatfs_sd.o
 .debug_macro   0x00000000000220aa      0x26b ./Core/Src/fatfs_sd.o
 .debug_macro   0x0000000000022315      0x23d ./Core/Src/fatfs_sd.o
 .debug_macro   0x0000000000022552      0x241 ./Core/Src/fatfs_sd.o
 .debug_macro   0x0000000000022793      0x37c ./Core/Src/fatfs_sd.o
 .debug_macro   0x0000000000022b0f       0xd6 ./Core/Src/fatfs_sd.o
 .debug_macro   0x0000000000022be5      0x22c ./Core/Src/fatfs_sd.o
 .debug_macro   0x0000000000022e11       0x61 ./Core/Src/fatfs_sd.o
 .debug_macro   0x0000000000022e72       0xa5 ./Core/Src/fatfs_sd.o
 .debug_macro   0x0000000000022f17      0x122 ./Core/Src/fatfs_sd.o
 .debug_macro   0x0000000000023039      0x3ef ./Core/Src/fatfs_sd.o
 .debug_macro   0x0000000000023428      0x2fe ./Core/Src/fatfs_sd.o
 .debug_macro   0x0000000000023726      0x5ba ./Core/Src/fatfs_sd.o
 .debug_macro   0x0000000000023ce0       0x44 ./Core/Src/fatfs_sd.o
 .debug_macro   0x0000000000023d24      0x330 ./Core/Src/fatfs_sd.o
 .debug_macro   0x0000000000024054       0x16 ./Core/Src/fatfs_sd.o
 .debug_macro   0x000000000002406a       0x7c ./Core/Src/fatfs_sd.o
 .debug_macro   0x00000000000240e6       0x88 ./Core/Src/fatfs_sd.o
 .debug_macro   0x000000000002416e      0x341 ./Core/Src/main.o
 .debug_macro   0x00000000000244af       0x4c ./Core/Src/main.o
 .debug_macro   0x00000000000244fb       0xeb ./Core/Src/main.o
 .debug_macro   0x00000000000245e6       0x18 ./Core/Src/main.o
 .debug_macro   0x00000000000245fe       0x52 ./Core/Src/main.o
 .debug_macro   0x0000000000024650       0x3c ./Core/Src/main.o
 .debug_macro   0x000000000002468c       0x34 ./Core/Src/main.o
 .debug_macro   0x00000000000246c0       0x16 ./Core/Src/main.o
 .debug_macro   0x00000000000246d6       0x35 ./Core/Src/main.o
 .debug_macro   0x000000000002470b       0x16 ./Core/Src/main.o
 .debug_macro   0x0000000000024721       0x43 ./Core/Src/main.o
 .debug_macro   0x0000000000024764       0x34 ./Core/Src/main.o
 .debug_macro   0x0000000000024798       0x10 ./Core/Src/main.o
 .debug_macro   0x00000000000247a8       0x58 ./Core/Src/main.o
 .debug_macro   0x0000000000024800       0x71 ./Core/Src/main.o
 .debug_macro   0x0000000000024871       0x1c ./Core/Src/main.o
 .debug_macro   0x000000000002488d      0x12a ./Core/Src/main.o
 .debug_macro   0x00000000000249b7      0x333 ./Core/Src/main.o
 .debug_macro   0x0000000000024cea       0x16 ./Core/Src/main.o
 .debug_macro   0x0000000000024d00       0x29 ./Core/Src/main.o
 .debug_macro   0x0000000000024d29       0x12 ./Core/Src/main.o
 .debug_macro   0x0000000000024d3b       0xe2 ./Core/Src/main.o
 .debug_macro   0x0000000000024e1d       0x8e ./Core/Src/main.o
 .debug_macro   0x0000000000024eab       0x16 ./Core/Src/main.o
 .debug_macro   0x0000000000024ec1       0x20 ./Core/Src/main.o
 .debug_macro   0x0000000000024ee1      0x1e9 ./Core/Src/stm32l4xx_hal_msp.o
 .debug_macro   0x00000000000250ca      0x1f3 ./Core/Src/stm32l4xx_it.o
 .debug_macro   0x00000000000252bd       0xff ./Core/Src/sysmem.o
 .debug_macro   0x00000000000253bc      0x23b ./Core/Src/sysmem.o
 .debug_macro   0x00000000000255f7      0x1da ./Core/Src/system_stm32l4xx.o
 .debug_macro   0x00000000000257d1      0x228 ./Drivers/STM32L4xx_HAL_Driver/Src/stm32l4xx_hal.o
 .debug_macro   0x00000000000259f9      0x1da ./Drivers/STM32L4xx_HAL_Driver/Src/stm32l4xx_hal_cortex.o
 .debug_macro   0x0000000000025bd3      0x1e1 ./Drivers/STM32L4xx_HAL_Driver/Src/stm32l4xx_hal_gpio.o
 .debug_macro   0x0000000000025db4      0x2a6 ./Drivers/STM32L4xx_HAL_Driver/Src/stm32l4xx_hal_i2c.o
 .debug_macro   0x000000000002605a      0x1da ./Drivers/STM32L4xx_HAL_Driver/Src/stm32l4xx_hal_i2c_ex.o
 .debug_macro   0x0000000000026234      0x1fe ./Drivers/STM32L4xx_HAL_Driver/Src/stm32l4xx_hal_pwr_ex.o
 .debug_macro   0x0000000000026432      0x21c ./Drivers/STM32L4xx_HAL_Driver/Src/stm32l4xx_hal_rcc.o
 .debug_macro   0x000000000002664e      0x210 ./Drivers/STM32L4xx_HAL_Driver/Src/stm32l4xx_hal_rcc_ex.o
 .debug_macro   0x000000000002685e      0x1e2 ./Drivers/STM32L4xx_HAL_Driver/Src/stm32l4xx_hal_spi.o
 .debug_macro   0x0000000000026a40      0x205 ./Drivers/STM32L4xx_HAL_Driver/Src/stm32l4xx_hal_uart.o
 .debug_macro   0x0000000000026c45      0x30e ./FATFS/App/fatfs.o
 .debug_macro   0x0000000000026f53       0xe5 ./FATFS/App/fatfs.o
 .debug_macro   0x0000000000027038      0x32b ./FATFS/Target/user_diskio.o
 .debug_macro   0x0000000000027363       0x10 ./FATFS/Target/user_diskio.o
 .debug_macro   0x0000000000027373       0xfb ./FATFS/Target/user_diskio.o
 .debug_macro   0x000000000002746e       0x56 ./FATFS/Target/user_diskio.o
 .debug_macro   0x00000000000274c4      0x2fb ./Middlewares/Third_Party/FatFs/src/diskio.o
 .debug_macro   0x00000000000277bf      0x709 ./Middlewares/Third_Party/FatFs/src/ff.o
 .debug_macro   0x0000000000027ec8       0x58 ./Middlewares/Third_Party/FatFs/src/ff.o
 .debug_macro   0x0000000000027f20      0x2fb ./Middlewares/Third_Party/FatFs/src/ff_gen_drv.o
 .debug_macro   0x000000000002821b      0x2e9 ./Middlewares/Third_Party/FatFs/src/option/ccsbcs.o

.debug_line     0x0000000000000000    0x18728
 .debug_line    0x0000000000000000      0xe0e ./Core/Src/fatfs_sd.o
 .debug_line    0x0000000000000e0e      0xbcb ./Core/Src/main.o
 .debug_line    0x00000000000019d9      0x806 ./Core/Src/stm32l4xx_hal_msp.o
 .debug_line    0x00000000000021df      0x7e1 ./Core/Src/stm32l4xx_it.o
 .debug_line    0x00000000000029c0      0x4f8 ./Core/Src/sysmem.o
 .debug_line    0x0000000000002eb8      0x78e ./Core/Src/system_stm32l4xx.o
 .debug_line    0x0000000000003646       0x88 ./Core/Startup/startup_stm32l476rgtx.o
 .debug_line    0x00000000000036ce      0xae9 ./Drivers/STM32L4xx_HAL_Driver/Src/stm32l4xx_hal.o
 .debug_line    0x00000000000041b7      0xc8f ./Drivers/STM32L4xx_HAL_Driver/Src/stm32l4xx_hal_cortex.o
 .debug_line    0x0000000000004e46      0xb5c ./Drivers/STM32L4xx_HAL_Driver/Src/stm32l4xx_hal_gpio.o
 .debug_line    0x00000000000059a2     0x367a ./Drivers/STM32L4xx_HAL_Driver/Src/stm32l4xx_hal_i2c.o
 .debug_line    0x000000000000901c      0x916 ./Drivers/STM32L4xx_HAL_Driver/Src/stm32l4xx_hal_i2c_ex.o
 .debug_line    0x0000000000009932      0xcd4 ./Drivers/STM32L4xx_HAL_Driver/Src/stm32l4xx_hal_pwr_ex.o
 .debug_line    0x000000000000a606      0xf61 ./Drivers/STM32L4xx_HAL_Driver/Src/stm32l4xx_hal_rcc.o
 .debug_line    0x000000000000b567     0x14a1 ./Drivers/STM32L4xx_HAL_Driver/Src/stm32l4xx_hal_rcc_ex.o
 .debug_line    0x000000000000ca08     0x1f22 ./Drivers/STM32L4xx_HAL_Driver/Src/stm32l4xx_hal_spi.o
 .debug_line    0x000000000000e92a     0x3265 ./Drivers/STM32L4xx_HAL_Driver/Src/stm32l4xx_hal_uart.o
 .debug_line    0x0000000000011b8f      0x8e6 ./FATFS/App/fatfs.o
 .debug_line    0x0000000000012475      0x93c ./FATFS/Target/user_diskio.o
 .debug_line    0x0000000000012db1      0x955 ./Middlewares/Third_Party/FatFs/src/diskio.o
 .debug_line    0x0000000000013706     0x3cfc ./Middlewares/Third_Party/FatFs/src/ff.o
 .debug_line    0x0000000000017402      0x973 ./Middlewares/Third_Party/FatFs/src/ff_gen_drv.o
 .debug_line    0x0000000000017d75      0x9b3 ./Middlewares/Third_Party/FatFs/src/option/ccsbcs.o

.debug_str      0x0000000000000000    0xee2db
 .debug_str     0x0000000000000000    0xe4c64 ./Core/Src/fatfs_sd.o
                                      0xe4fc9 (size before relaxing)
 .debug_str     0x00000000000e4c64     0x4240 ./Core/Src/main.o
                                      0xe91e1 (size before relaxing)
 .debug_str     0x00000000000e8ea4      0x2fe ./Core/Src/stm32l4xx_hal_msp.o
                                      0xe552b (size before relaxing)
 .debug_str     0x00000000000e91a2       0xd6 ./Core/Src/stm32l4xx_it.o
                                      0xe48f7 (size before relaxing)
 .debug_str     0x00000000000e9278      0x4e9 ./Core/Src/sysmem.o
                                       0x629b (size before relaxing)
 .debug_str     0x00000000000e9761       0xb8 ./Core/Src/system_stm32l4xx.o
                                      0xe490b (size before relaxing)
 .debug_str     0x00000000000e9819       0x36 ./Core/Startup/startup_stm32l476rgtx.o
                                         0x6c (size before relaxing)
 .debug_str     0x00000000000e984f      0xa4a ./Drivers/STM32L4xx_HAL_Driver/Src/stm32l4xx_hal.o
                                      0xe5476 (size before relaxing)
 .debug_str     0x00000000000ea299      0x389 ./Drivers/STM32L4xx_HAL_Driver/Src/stm32l4xx_hal_cortex.o
                                      0xe517a (size before relaxing)
 .debug_str     0x00000000000ea622      0x161 ./Drivers/STM32L4xx_HAL_Driver/Src/stm32l4xx_hal_gpio.o
                                      0xe4ad0 (size before relaxing)
 .debug_str     0x00000000000ea783      0xdb9 ./Drivers/STM32L4xx_HAL_Driver/Src/stm32l4xx_hal_i2c.o
                                      0xe5ad3 (size before relaxing)
 .debug_str     0x00000000000eb53c       0xb8 ./Drivers/STM32L4xx_HAL_Driver/Src/stm32l4xx_hal_i2c_ex.o
                                      0xe4e45 (size before relaxing)
 .debug_str     0x00000000000eb5f4      0x4ef ./Drivers/STM32L4xx_HAL_Driver/Src/stm32l4xx_hal_pwr_ex.o
                                      0xe4e7c (size before relaxing)
 .debug_str     0x00000000000ebae3      0x360 ./Drivers/STM32L4xx_HAL_Driver/Src/stm32l4xx_hal_rcc.o
                                      0xe4f05 (size before relaxing)
 .debug_str     0x00000000000ebe43      0x3a6 ./Drivers/STM32L4xx_HAL_Driver/Src/stm32l4xx_hal_rcc_ex.o
                                      0xe5079 (size before relaxing)
 .debug_str     0x00000000000ec1e9      0x573 ./Drivers/STM32L4xx_HAL_Driver/Src/stm32l4xx_hal_spi.o
                                      0xe50e3 (size before relaxing)
 .debug_str     0x00000000000ec75c      0x8a1 ./Drivers/STM32L4xx_HAL_Driver/Src/stm32l4xx_hal_uart.o
                                      0xe558d (size before relaxing)
 .debug_str     0x00000000000ecffd       0x2f ./FATFS/App/fatfs.o
                                      0xe829a (size before relaxing)
 .debug_str     0x00000000000ed02c       0x6d ./FATFS/Target/user_diskio.o
                                      0xe8271 (size before relaxing)
 .debug_str     0x00000000000ed099       0x52 ./Middlewares/Third_Party/FatFs/src/diskio.o
                                      0xe81a7 (size before relaxing)
 .debug_str     0x00000000000ed0eb     0x10ee ./Middlewares/Third_Party/FatFs/src/ff.o
                                      0xe9459 (size before relaxing)
 .debug_str     0x00000000000ee1d9       0xa2 ./Middlewares/Third_Party/FatFs/src/ff_gen_drv.o
                                      0xe81f8 (size before relaxing)
 .debug_str     0x00000000000ee27b       0x60 ./Middlewares/Third_Party/FatFs/src/option/ccsbcs.o
                                      0xe7f8e (size before relaxing)

.comment        0x0000000000000000       0x53
 .comment       0x0000000000000000       0x53 ./Core/Src/fatfs_sd.o
                                         0x54 (size before relaxing)
 .comment       0x0000000000000053       0x54 ./Core/Src/main.o